2025-05-09 09:49:45,323 INFO o.a.j.u.JMeterUtils: Setting Locale to en
2025-05-09 09:49:45,364 INFO o.a.j.JMeter: Loading user properties from: /root/.bzt/jmeter-taurus/5.6.3/bin/user.properties
2025-05-09 09:49:45,365 INFO o.a.j.JMeter: Loading system properties from: /root/.bzt/jmeter-taurus/5.6.3/bin/system.properties
2025-05-09 09:49:45,365 INFO o.a.j.JMeter: Loading additional properties from: /root/dc-app-performance-toolkit/app/results/jira/2025-05-09_09-49-33/jmeter-bzt.properties
2025-05-09 09:49:45,366 INFO o.a.j.JMeter: Setting System properties from file: /root/dc-app-performance-toolkit/app/results/jira/2025-05-09_09-49-33/system.properties
2025-05-09 09:49:45,382 INFO o.a.j.JMeter: Copyright (c) 1998-2024 The Apache Software Foundation
2025-05-09 09:49:45,382 INFO o.a.j.JMeter: Version 5.6.3
2025-05-09 09:49:45,382 INFO o.a.j.JMeter: java.version=17.0.15
2025-05-09 09:49:45,382 INFO o.a.j.JMeter: java.vm.name=OpenJDK 64-Bit Server VM
2025-05-09 09:49:45,382 INFO o.a.j.JMeter: os.name=Linux
2025-05-09 09:49:45,383 INFO o.a.j.JMeter: os.arch=amd64
2025-05-09 09:49:45,383 INFO o.a.j.JMeter: os.version=6.8.0-1024-aws
2025-05-09 09:49:45,383 INFO o.a.j.JMeter: file.encoding=UTF-8
2025-05-09 09:49:45,383 INFO o.a.j.JMeter: java.awt.headless=true
2025-05-09 09:49:45,383 INFO o.a.j.JMeter: Max memory     =8589934592
2025-05-09 09:49:45,383 INFO o.a.j.JMeter: Available Processors =4
2025-05-09 09:49:45,401 INFO o.a.j.JMeter: Default Locale=English
2025-05-09 09:49:45,401 INFO o.a.j.JMeter: JMeter  Locale=English
2025-05-09 09:49:45,401 INFO o.a.j.JMeter: JMeterHome=/root/.bzt/jmeter-taurus/5.6.3
2025-05-09 09:49:45,401 INFO o.a.j.JMeter: user.dir  =/root/dc-app-performance-toolkit/app
2025-05-09 09:49:45,402 INFO o.a.j.JMeter: PWD       =/root/dc-app-performance-toolkit/app
2025-05-09 09:49:45,407 INFO o.a.j.JMeter: IP: 172.31.23.112 Name: ip-172-31-23-112 FullName: ip-172-31-23-112.us-east-2.compute.internal
2025-05-09 09:49:45,407 INFO o.a.j.JMeter: user.classpath=/root/dc-app-performance-toolkit/app/results/jira/2025-05-09_09-49-33:/root/dc-app-performance-toolkit/app/jmeter
2025-05-09 09:49:45,407 INFO o.a.j.JMeter: Adding to classpath and loader: /root/dc-app-performance-toolkit/app/results/jira/2025-05-09_09-49-33
2025-05-09 09:49:45,410 INFO o.a.j.JMeter: Adding to classpath and loader: /root/dc-app-performance-toolkit/app/jmeter
2025-05-09 09:49:45,470 INFO o.a.j.s.FileServer: Default base='/root/dc-app-performance-toolkit/app'
2025-05-09 09:49:45,475 INFO o.a.j.s.FileServer: Set new base='/root/dc-app-performance-toolkit/app/jmeter'
2025-05-09 09:49:45,919 INFO o.a.j.s.SaveService: Testplan (JMX) version: 2.2. Testlog (JTL) version: 2.2
2025-05-09 09:49:45,969 INFO o.a.j.s.SaveService: Using SaveService properties version 5.0
2025-05-09 09:49:45,974 INFO o.a.j.s.SaveService: Using SaveService properties file encoding UTF-8
2025-05-09 09:49:45,985 INFO o.a.j.s.SaveService: Loading file: /root/dc-app-performance-toolkit/app/jmeter/modified_jira.jmx
2025-05-09 09:49:46,058 INFO o.a.j.p.h.c.CookieManager: Settings: Delete null: true Check: true Allow variable: true Save: false Prefix: COOKIE_
2025-05-09 09:49:46,278 INFO o.a.j.p.h.s.HTTPSamplerBase: Parser for text/html is org.apache.jmeter.protocol.http.parser.LagartoBasedHtmlParser
2025-05-09 09:49:46,278 INFO o.a.j.p.h.s.HTTPSamplerBase: Parser for application/xhtml+xml is org.apache.jmeter.protocol.http.parser.LagartoBasedHtmlParser
2025-05-09 09:49:46,279 INFO o.a.j.p.h.s.HTTPSamplerBase: Parser for application/xml is org.apache.jmeter.protocol.http.parser.LagartoBasedHtmlParser
2025-05-09 09:49:46,279 INFO o.a.j.p.h.s.HTTPSamplerBase: Parser for text/xml is org.apache.jmeter.protocol.http.parser.LagartoBasedHtmlParser
2025-05-09 09:49:46,279 INFO o.a.j.p.h.s.HTTPSamplerBase: Parser for text/vnd.wap.wml is org.apache.jmeter.protocol.http.parser.RegexpHTMLParser
2025-05-09 09:49:46,279 INFO o.a.j.p.h.s.HTTPSamplerBase: Parser for text/css is org.apache.jmeter.protocol.http.parser.CssParser
2025-05-09 09:49:46,596 INFO o.a.j.e.StandardJMeterEngine: Running the test!
2025-05-09 09:49:46,597 INFO o.a.j.s.SampleEvent: List of sample_variables: []
2025-05-09 09:49:46,598 INFO o.a.j.s.SampleEvent: List of sample_variables: []
2025-05-09 09:49:46,608 INFO o.a.j.e.u.CompoundVariable: Note: Function class names must contain the string: '.functions.'
2025-05-09 09:49:46,608 INFO o.a.j.e.u.CompoundVariable: Note: Function class names must not contain the string: '.gui.'
2025-05-09 09:49:46,670 INFO o.a.j.r.ClassFinder: Will scan jar /root/.bzt/jmeter-taurus/5.6.3/lib/ext/jmeter-plugins-fifo-0.2.jar with filter ExtendsClassFilter [parents=[interface org.apache.jmeter.functions.Function], inner=false, contains=null, notContains=null]. Consider exposing JMeter plugins via META-INF/services, and add JMeter-Skip-Class-Scanning=true manifest attribute so JMeter can skip classfile scanning
2025-05-09 09:49:46,682 INFO o.a.j.r.ClassFinder: Will scan jar /root/.bzt/jmeter-taurus/5.6.3/lib/ext/jmeter-plugins-json-2.7.jar with filter ExtendsClassFilter [parents=[interface org.apache.jmeter.functions.Function], inner=false, contains=null, notContains=null]. Consider exposing JMeter plugins via META-INF/services, and add JMeter-Skip-Class-Scanning=true manifest attribute so JMeter can skip classfile scanning
2025-05-09 09:49:46,689 INFO o.a.j.r.ClassFinder: Will scan jar /root/.bzt/jmeter-taurus/5.6.3/lib/ext/jmeter-plugins-random-csv-data-set-0.8.jar with filter ExtendsClassFilter [parents=[interface org.apache.jmeter.functions.Function], inner=false, contains=null, notContains=null]. Consider exposing JMeter plugins via META-INF/services, and add JMeter-Skip-Class-Scanning=true manifest attribute so JMeter can skip classfile scanning
2025-05-09 09:49:46,693 INFO o.a.j.r.ClassFinder: Will scan jar /root/.bzt/jmeter-taurus/5.6.3/lib/ext/jmeter-plugins-perfmon-2.1.jar with filter ExtendsClassFilter [parents=[interface org.apache.jmeter.functions.Function], inner=false, contains=null, notContains=null]. Consider exposing JMeter plugins via META-INF/services, and add JMeter-Skip-Class-Scanning=true manifest attribute so JMeter can skip classfile scanning
2025-05-09 09:49:46,705 INFO o.a.j.r.ClassFinder: Will scan jar /root/.bzt/jmeter-taurus/5.6.3/lib/ext/jmeter-plugins-ffw-2.0.jar with filter ExtendsClassFilter [parents=[interface org.apache.jmeter.functions.Function], inner=false, contains=null, notContains=null]. Consider exposing JMeter plugins via META-INF/services, and add JMeter-Skip-Class-Scanning=true manifest attribute so JMeter can skip classfile scanning
2025-05-09 09:49:46,709 INFO o.a.j.r.ClassFinder: Will scan jar /root/.bzt/jmeter-taurus/5.6.3/lib/ext/jmeter-plugins-tst-2.6.jar with filter ExtendsClassFilter [parents=[interface org.apache.jmeter.functions.Function], inner=false, contains=null, notContains=null]. Consider exposing JMeter plugins via META-INF/services, and add JMeter-Skip-Class-Scanning=true manifest attribute so JMeter can skip classfile scanning
2025-05-09 09:49:46,714 INFO o.a.j.r.ClassFinder: Will scan jar /root/.bzt/jmeter-taurus/5.6.3/lib/ext/jmeter-plugins-functions-2.2.jar with filter ExtendsClassFilter [parents=[interface org.apache.jmeter.functions.Function], inner=false, contains=null, notContains=null]. Consider exposing JMeter plugins via META-INF/services, and add JMeter-Skip-Class-Scanning=true manifest attribute so JMeter can skip classfile scanning
2025-05-09 09:49:46,719 INFO o.a.j.r.ClassFinder: Will scan jar /root/.bzt/jmeter-taurus/5.6.3/lib/ext/jmeter-plugins-casutg-2.10.jar with filter ExtendsClassFilter [parents=[interface org.apache.jmeter.functions.Function], inner=false, contains=null, notContains=null]. Consider exposing JMeter plugins via META-INF/services, and add JMeter-Skip-Class-Scanning=true manifest attribute so JMeter can skip classfile scanning
2025-05-09 09:49:46,731 INFO o.a.j.r.ClassFinder: Will scan jar /root/.bzt/jmeter-taurus/5.6.3/lib/ext/jmeter-plugins-manager-1.7.jar with filter ExtendsClassFilter [parents=[interface org.apache.jmeter.functions.Function], inner=false, contains=null, notContains=null]. Consider exposing JMeter plugins via META-INF/services, and add JMeter-Skip-Class-Scanning=true manifest attribute so JMeter can skip classfile scanning
2025-05-09 09:49:46,889 INFO o.a.j.r.ClassFinder: Will scan jar /root/.bzt/jmeter-taurus/5.6.3/lib/ext/jmeter-plugins-dummy-0.4.jar with filter ExtendsClassFilter [parents=[interface org.apache.jmeter.functions.Function], inner=false, contains=null, notContains=null]. Consider exposing JMeter plugins via META-INF/services, and add JMeter-Skip-Class-Scanning=true manifest attribute so JMeter can skip classfile scanning
2025-05-09 09:49:46,893 INFO o.a.j.r.ClassFinder: Will scan jar /root/.bzt/jmeter-taurus/5.6.3/lib/ext/jmeter-plugins-prmctl-0.4.jar with filter ExtendsClassFilter [parents=[interface org.apache.jmeter.functions.Function], inner=false, contains=null, notContains=null]. Consider exposing JMeter plugins via META-INF/services, and add JMeter-Skip-Class-Scanning=true manifest attribute so JMeter can skip classfile scanning
2025-05-09 09:49:47,303 INFO c.b.c.RandomCSVReader: Start reading the file: /root/dc-app-performance-toolkit/app/datasets/jira/issues.csv
2025-05-09 09:49:47,317 INFO c.b.c.RandomCSVReader: Reading finished. Found 83 records in your csv file
2025-05-09 09:49:47,318 INFO c.b.c.RandomCSVReader: Start reading the file: /root/dc-app-performance-toolkit/app/datasets/jira/scrum-boards.csv
2025-05-09 09:49:47,318 INFO c.b.c.RandomCSVReader: Reading finished. Found 1 records in your csv file
2025-05-09 09:49:47,319 INFO c.b.c.RandomCSVReader: Start reading the file: /root/dc-app-performance-toolkit/app/datasets/jira/kanban-boards.csv
2025-05-09 09:49:47,319 INFO c.b.c.RandomCSVReader: Reading finished. Found 1 records in your csv file
2025-05-09 09:49:47,319 INFO c.b.c.RandomCSVReader: Start reading the file: /root/dc-app-performance-toolkit/app/datasets/jira/projects.csv
2025-05-09 09:49:47,320 INFO c.b.c.RandomCSVReader: Reading finished. Found 2 records in your csv file
2025-05-09 09:49:47,330 INFO o.a.j.JMeter: Running test (1746784187330)
2025-05-09 09:49:47,334 INFO o.a.j.e.StandardJMeterEngine: Starting setUp thread groups
2025-05-09 09:49:47,334 INFO o.a.j.e.StandardJMeterEngine: Starting setUp ThreadGroup: 1 : setUp Thread Group 
2025-05-09 09:49:47,335 INFO o.a.j.e.StandardJMeterEngine: Starting 1 threads for group setUp Thread Group.
2025-05-09 09:49:47,335 INFO o.a.j.e.StandardJMeterEngine: Thread will continue on error
2025-05-09 09:49:47,335 INFO o.a.j.t.ThreadGroup: Starting thread group... number=1 threads=1 ramp-up=1 delayedStart=false
2025-05-09 09:49:47,349 INFO o.a.j.t.ThreadGroup: Started thread group number 1
2025-05-09 09:49:47,349 INFO o.a.j.e.StandardJMeterEngine: Waiting for all setup thread groups to exit
2025-05-09 09:49:47,350 INFO o.a.j.t.JMeterThread: Thread started: setUp Thread Group 1-1
2025-05-09 09:49:47,367 INFO o.a.j.t.JMeterThread: Thread is done: setUp Thread Group 1-1
2025-05-09 09:49:47,367 INFO o.a.j.t.JMeterThread: Thread finished: setUp Thread Group 1-1
2025-05-09 09:49:47,367 INFO o.a.j.e.StandardJMeterEngine: All Setup Threads have ended
2025-05-09 09:49:47,419 INFO o.a.j.e.StandardJMeterEngine: Starting ThreadGroup: 1 : Jira
2025-05-09 09:49:47,419 INFO o.a.j.e.StandardJMeterEngine: Starting 2 threads for group Jira.
2025-05-09 09:49:47,419 INFO o.a.j.e.StandardJMeterEngine: Thread will continue on error
2025-05-09 09:49:47,440 INFO c.b.j.t.c.ConcurrencyThreadStarter: Start supplying threads
2025-05-09 09:49:47,441 INFO o.a.j.e.StandardJMeterEngine: All thread groups have been started
2025-05-09 09:49:48,215 INFO o.a.j.s.SampleResult: Note: Sample TimeStamps are START times
2025-05-09 09:49:48,216 INFO o.a.j.s.SampleResult: sampleresult.default.encoding is set to UTF-8
2025-05-09 09:49:48,216 INFO o.a.j.s.SampleResult: sampleresult.useNanoTime=true
2025-05-09 09:49:48,216 INFO o.a.j.s.SampleResult: sampleresult.nanoThreadSleep=5000
2025-05-09 09:49:48,232 INFO o.a.j.t.JMeterThread: Thread started: Jira-ThreadStarter 1-1
2025-05-09 09:49:48,234 INFO o.a.j.s.FileServer: Stored: datasets/jira/users.csv
2025-05-09 09:49:48,266 INFO o.a.j.p.h.s.HTTPHCAbstractImpl: Local host = ip-172-31-23-112
2025-05-09 09:49:48,303 INFO o.a.j.p.h.s.HTTPHC4Impl: HTTP request retry count = 0
2025-05-09 09:49:49,947 INFO o.a.j.e.J.set legacy form type: 2sv flow detected
2025-05-09 09:49:49,980 INFO o.a.j.e.J.Logger: Legacy login flow: false
2025-05-09 09:49:50,266 INFO o.a.j.t.JMeterThread: Thread started: Jira-ThreadStarter 1-2
2025-05-09 09:49:50,322 INFO o.a.j.e.J.set legacy form type: 2sv flow detected
2025-05-09 09:49:50,324 INFO o.a.j.e.J.Logger: Legacy login flow: false
2025-05-09 09:49:50,788 INFO o.a.j.s.FileServer: Stored: datasets/jira/jqls.csv
2025-05-09 09:49:51,543 INFO o.a.j.t.J.pacing timer: concurrency: 2, delay_between_transactions: 1321.1009174311926, thread_sleep: 724, jmeter_view_issue action_time: 597
2025-05-09 09:49:51,677 INFO o.a.j.t.J.pacing timer: concurrency: 2, delay_between_transactions: 1321.1009174311926, thread_sleep: 566, jmeter_search_jql action_time: 755
2025-05-09 09:49:52,540 INFO o.a.j.t.J.pacing timer: concurrency: 2, delay_between_transactions: 1321.1009174311926, thread_sleep: 1056, jmeter_view_dashboard action_time: 265
2025-05-09 09:49:52,582 INFO o.a.j.t.J.pacing timer: concurrency: 2, delay_between_transactions: 1321.1009174311926, thread_sleep: 984, jmeter_view_issue action_time: 337
2025-05-09 09:49:53,767 INFO o.a.j.t.J.pacing timer: concurrency: 2, delay_between_transactions: 1321.1009174311926, thread_sleep: 1156, jmeter_browse_projects action_time: 165
2025-05-09 09:49:54,033 INFO o.a.j.t.J.pacing timer: concurrency: 2, delay_between_transactions: 1321.1009174311926, thread_sleep: 861, jmeter_view_scrum_board action_time: 460
2025-05-09 09:49:55,199 INFO o.a.j.t.J.pacing timer: concurrency: 2, delay_between_transactions: 1321.1009174311926, thread_sleep: 1019, jmeter_view_issue action_time: 302
2025-05-09 09:49:55,404 INFO o.a.j.t.J.pacing timer: concurrency: 2, delay_between_transactions: 1321.1009174311926, thread_sleep: 842, jmeter_view_backlog action_time: 479
2025-05-09 09:49:56,560 INFO o.a.j.t.J.pacing timer: concurrency: 2, delay_between_transactions: 1321.1009174311926, thread_sleep: 1010, jmeter_view_issue action_time: 311
2025-05-09 09:49:56,688 INFO o.a.j.t.J.pacing timer: concurrency: 2, delay_between_transactions: 1321.1009174311926, thread_sleep: 853, jmeter_view_kanban_board action_time: 468
2025-05-09 09:49:58,076 INFO o.a.j.t.J.pacing timer: concurrency: 2, delay_between_transactions: 1321.1009174311926, thread_sleep: 789, jmeter_create_issue action_time: 532
2025-05-09 09:49:58,150 INFO o.a.j.t.J.pacing timer: concurrency: 2, delay_between_transactions: 1321.1009174311926, thread_sleep: 742, jmeter_edit_issue action_time: 579
2025-05-09 09:49:59,244 INFO o.a.j.t.J.pacing timer: concurrency: 2, delay_between_transactions: 1321.1009174311926, thread_sleep: 974, jmeter_view_dashboard action_time: 347
2025-05-09 09:49:59,385 INFO o.a.j.t.J.pacing timer: concurrency: 2, delay_between_transactions: 1321.1009174311926, thread_sleep: 804, jmeter_search_jql action_time: 517
2025-05-09 09:50:00,637 INFO o.a.j.t.J.pacing timer: concurrency: 2, delay_between_transactions: 1321.1009174311926, thread_sleep: 903, jmeter_view_issue action_time: 418
2025-05-09 09:50:00,660 INFO o.a.j.t.J.pacing timer: concurrency: 2, delay_between_transactions: 1321.1009174311926, thread_sleep: 852, jmeter_view_issue action_time: 469
2025-05-09 09:50:01,880 INFO o.a.j.t.J.pacing timer: concurrency: 2, delay_between_transactions: 1321.1009174311926, thread_sleep: 983, jmeter_view_project_summary action_time: 338
2025-05-09 09:50:01,963 INFO o.a.j.t.J.pacing timer: concurrency: 2, delay_between_transactions: 1321.1009174311926, thread_sleep: 872, jmeter_view_scrum_board action_time: 449
2025-05-09 09:50:03,000 INFO o.a.j.t.J.pacing timer: concurrency: 2, delay_between_transactions: 1321.1009174311926, thread_sleep: 1188, jmeter_browse_projects action_time: 133
2025-05-09 09:50:03,194 INFO o.a.j.t.J.pacing timer: concurrency: 2, delay_between_transactions: 1321.1009174311926, thread_sleep: 964, jmeter_view_issue action_time: 357
2025-05-09 09:50:04,384 INFO o.a.j.t.J.pacing timer: concurrency: 2, delay_between_transactions: 1321.1009174311926, thread_sleep: 1099, jmeter_view_kanban_board action_time: 222
2025-05-09 09:50:04,605 INFO o.a.j.t.J.pacing timer: concurrency: 2, delay_between_transactions: 1321.1009174311926, thread_sleep: 907, jmeter_search_jql action_time: 414
2025-05-09 09:50:05,786 INFO o.a.j.t.J.pacing timer: concurrency: 2, delay_between_transactions: 1321.1009174311926, thread_sleep: 1021, jmeter_view_issue action_time: 300
2025-05-09 09:50:05,791 INFO o.a.j.t.J.pacing timer: concurrency: 2, delay_between_transactions: 1321.1009174311926, thread_sleep: 1043, jmeter_view_issue action_time: 278
2025-05-09 09:50:07,060 INFO o.a.j.t.J.pacing timer: concurrency: 2, delay_between_transactions: 1321.1009174311926, thread_sleep: 1077, jmeter_view_dashboard action_time: 244
2025-05-09 09:50:07,136 INFO o.a.j.t.J.pacing timer: concurrency: 2, delay_between_transactions: 1321.1009174311926, thread_sleep: 1022, jmeter_view_issue action_time: 299
2025-05-09 09:50:08,268 INFO o.a.j.t.J.pacing timer: concurrency: 2, delay_between_transactions: 1321.1009174311926, thread_sleep: 1214, jmeter_browse_projects action_time: 107
2025-05-09 09:50:08,745 INFO o.a.j.t.J.pacing timer: concurrency: 2, delay_between_transactions: 1321.1009174311926, thread_sleep: 714, jmeter_add_comment action_time: 607
2025-05-09 09:50:09,756 INFO o.a.j.t.J.pacing timer: concurrency: 2, delay_between_transactions: 1321.1009174311926, thread_sleep: 1030, jmeter_view_backlog action_time: 291
2025-05-09 09:50:09,774 INFO o.a.j.t.J.pacing timer: concurrency: 2, delay_between_transactions: 1321.1009174311926, thread_sleep: 1032, jmeter_view_issue action_time: 289
2025-05-09 09:50:11,207 INFO o.a.j.t.J.pacing timer: concurrency: 2, delay_between_transactions: 1321.1009174311926, thread_sleep: 901, jmeter_search_jql action_time: 420
2025-05-09 09:50:11,244 INFO o.a.j.t.J.pacing timer: concurrency: 2, delay_between_transactions: 1321.1009174311926, thread_sleep: 884, jmeter_edit_issue action_time: 437
2025-05-09 09:50:12,446 INFO o.a.j.t.J.pacing timer: concurrency: 2, delay_between_transactions: 1321.1009174311926, thread_sleep: 984, jmeter_view_scrum_board action_time: 337
2025-05-09 09:50:12,452 INFO o.a.j.t.J.pacing timer: concurrency: 2, delay_between_transactions: 1321.1009174311926, thread_sleep: 1000, jmeter_view_issue action_time: 321
2025-05-09 09:50:13,658 INFO o.a.j.t.J.pacing timer: concurrency: 2, delay_between_transactions: 1321.1009174311926, thread_sleep: 1095, jmeter_view_dashboard action_time: 226
2025-05-09 09:50:13,803 INFO o.a.j.t.J.pacing timer: concurrency: 2, delay_between_transactions: 1321.1009174311926, thread_sleep: 974, jmeter_view_issue action_time: 347
2025-05-09 09:50:15,026 INFO o.a.j.t.J.pacing timer: concurrency: 2, delay_between_transactions: 1321.1009174311926, thread_sleep: 1050, jmeter_view_kanban_board action_time: 271
2025-05-09 09:50:15,071 INFO o.a.j.t.J.pacing timer: concurrency: 2, delay_between_transactions: 1321.1009174311926, thread_sleep: 1029, jmeter_create_issue action_time: 292
2025-05-09 09:50:16,188 INFO o.a.j.t.J.pacing timer: concurrency: 2, delay_between_transactions: 1321.1009174311926, thread_sleep: 1214, jmeter_browse_projects action_time: 107
2025-05-09 09:50:16,388 INFO o.a.j.t.J.pacing timer: concurrency: 2, delay_between_transactions: 1321.1009174311926, thread_sleep: 1036, jmeter_view_issue action_time: 285
2025-05-09 09:50:17,651 INFO o.a.j.t.J.pacing timer: concurrency: 2, delay_between_transactions: 1321.1009174311926, thread_sleep: 1097, jmeter_view_backlog action_time: 224
2025-05-09 09:50:17,799 INFO o.a.j.t.J.pacing timer: concurrency: 2, delay_between_transactions: 1321.1009174311926, thread_sleep: 926, jmeter_search_jql action_time: 395
2025-05-09 09:50:19,010 INFO o.a.j.t.J.pacing timer: concurrency: 2, delay_between_transactions: 1321.1009174311926, thread_sleep: 1040, jmeter_view_issue action_time: 281
2025-05-09 09:50:19,016 INFO o.a.j.t.J.pacing timer: concurrency: 2, delay_between_transactions: 1321.1009174311926, thread_sleep: 1055, jmeter_view_scrum_board action_time: 266
2025-05-09 09:50:20,329 INFO o.a.j.t.J.pacing timer: concurrency: 2, delay_between_transactions: 1321.1009174311926, thread_sleep: 1043, jmeter_view_issue action_time: 278
2025-05-09 09:50:20,364 INFO o.a.j.t.J.pacing timer: concurrency: 2, delay_between_transactions: 1321.1009174311926, thread_sleep: 1030, jmeter_view_issue action_time: 291
2025-05-09 09:50:21,567 INFO o.a.j.t.J.pacing timer: concurrency: 2, delay_between_transactions: 1321.1009174311926, thread_sleep: 1135, jmeter_view_dashboard action_time: 186
2025-05-09 09:50:21,778 INFO o.a.j.t.J.pacing timer: concurrency: 2, delay_between_transactions: 1321.1009174311926, thread_sleep: 939, jmeter_search_jql action_time: 382
2025-05-09 09:50:22,921 INFO o.a.j.t.J.pacing timer: concurrency: 2, delay_between_transactions: 1321.1009174311926, thread_sleep: 1118, jmeter_view_project_summary action_time: 203
2025-05-09 09:50:22,995 INFO o.a.j.t.J.pacing timer: concurrency: 2, delay_between_transactions: 1321.1009174311926, thread_sleep: 1030, jmeter_view_issue action_time: 291
2025-05-09 09:50:24,288 INFO o.a.j.t.J.pacing timer: concurrency: 2, delay_between_transactions: 1321.1009174311926, thread_sleep: 1060, jmeter_view_issue action_time: 261
2025-05-09 09:50:24,544 INFO o.a.j.t.J.pacing timer: concurrency: 2, delay_between_transactions: 1321.1009174311926, thread_sleep: 817, jmeter_edit_issue action_time: 504
2025-05-09 09:50:25,533 INFO o.a.j.t.J.pacing timer: concurrency: 2, delay_between_transactions: 1321.1009174311926, thread_sleep: 1151, jmeter_browse_projects action_time: 170
2025-05-09 09:50:25,610 INFO o.a.j.t.J.pacing timer: concurrency: 2, delay_between_transactions: 1321.1009174311926, thread_sleep: 1060, jmeter_view_dashboard action_time: 261
2025-05-09 09:50:26,909 INFO o.a.j.t.J.pacing timer: concurrency: 2, delay_between_transactions: 1321.1009174311926, thread_sleep: 1097, jmeter_view_kanban_board action_time: 224
2025-05-09 09:50:26,936 INFO o.a.j.t.J.pacing timer: concurrency: 2, delay_between_transactions: 1321.1009174311926, thread_sleep: 1057, jmeter_view_scrum_board action_time: 264
2025-05-09 09:50:28,173 INFO o.a.j.t.J.pacing timer: concurrency: 2, delay_between_transactions: 1321.1009174311926, thread_sleep: 1163, jmeter_browse_boards action_time: 158
2025-05-09 09:50:28,265 INFO o.a.j.t.J.pacing timer: concurrency: 2, delay_between_transactions: 1321.1009174311926, thread_sleep: 1051, jmeter_view_issue action_time: 270
2025-05-09 09:50:29,618 INFO o.a.j.t.J.pacing timer: concurrency: 2, delay_between_transactions: 1321.1009174311926, thread_sleep: 1031, jmeter_view_backlog action_time: 290
2025-05-09 09:50:29,739 INFO o.a.j.t.J.pacing timer: concurrency: 2, delay_between_transactions: 1321.1009174311926, thread_sleep: 920, jmeter_search_jql action_time: 401
2025-05-09 09:50:30,795 INFO o.a.j.t.J.pacing timer: concurrency: 2, delay_between_transactions: 1321.1009174311926, thread_sleep: 1189, jmeter_browse_projects action_time: 132
2025-05-09 09:50:30,946 INFO o.a.j.t.J.pacing timer: concurrency: 2, delay_between_transactions: 1321.1009174311926, thread_sleep: 1026, jmeter_view_issue action_time: 295
2025-05-09 09:50:32,253 INFO o.a.j.t.J.pacing timer: concurrency: 2, delay_between_transactions: 1321.1009174311926, thread_sleep: 1042, jmeter_create_issue action_time: 279
2025-05-09 09:50:32,339 INFO o.a.j.t.J.pacing timer: concurrency: 2, delay_between_transactions: 1321.1009174311926, thread_sleep: 969, jmeter_view_issue action_time: 352
2025-05-09 09:50:33,527 INFO o.a.j.t.J.pacing timer: concurrency: 2, delay_between_transactions: 1321.1009174311926, thread_sleep: 1103, jmeter_view_dashboard action_time: 218
2025-05-09 09:50:33,551 INFO o.a.j.t.J.pacing timer: concurrency: 2, delay_between_transactions: 1321.1009174311926, thread_sleep: 1069, jmeter_view_kanban_board action_time: 252
2025-05-09 09:50:34,921 INFO o.a.j.t.J.pacing timer: concurrency: 2, delay_between_transactions: 1321.1009174311926, thread_sleep: 1022, jmeter_view_issue action_time: 299
2025-05-09 09:50:35,007 INFO o.a.j.t.J.pacing timer: concurrency: 2, delay_between_transactions: 1321.1009174311926, thread_sleep: 946, jmeter_search_jql action_time: 375
2025-05-09 09:50:36,218 INFO o.a.j.t.J.pacing timer: concurrency: 2, delay_between_transactions: 1321.1009174311926, thread_sleep: 1057, jmeter_view_scrum_board action_time: 264
2025-05-09 09:50:36,235 INFO o.a.j.t.J.pacing timer: concurrency: 2, delay_between_transactions: 1321.1009174311926, thread_sleep: 1030, jmeter_view_issue action_time: 291
2025-05-09 09:50:37,597 INFO o.a.j.t.J.pacing timer: concurrency: 2, delay_between_transactions: 1321.1009174311926, thread_sleep: 1001, jmeter_view_issue action_time: 320
2025-05-09 09:50:37,666 INFO o.a.j.t.J.pacing timer: concurrency: 2, delay_between_transactions: 1321.1009174311926, thread_sleep: 921, jmeter_edit_issue action_time: 400
2025-05-09 09:50:38,747 INFO o.a.j.t.J.pacing timer: concurrency: 2, delay_between_transactions: 1321.1009174311926, thread_sleep: 1174, jmeter_browse_projects action_time: 147
2025-05-09 09:50:38,897 INFO o.a.j.t.J.pacing timer: concurrency: 2, delay_between_transactions: 1321.1009174311926, thread_sleep: 1014, jmeter_view_issue action_time: 307
2025-05-09 09:50:40,140 INFO o.a.j.t.J.pacing timer: concurrency: 2, delay_between_transactions: 1321.1009174311926, thread_sleep: 1093, jmeter_view_dashboard action_time: 228
2025-05-09 09:50:40,390 INFO o.a.j.t.J.pacing timer: concurrency: 2, delay_between_transactions: 1321.1009174311926, thread_sleep: 854, jmeter_search_jql action_time: 467
2025-05-09 09:50:41,525 INFO o.a.j.t.J.pacing timer: concurrency: 2, delay_between_transactions: 1321.1009174311926, thread_sleep: 1041, jmeter_view_issue action_time: 280
2025-05-09 09:50:41,676 INFO o.a.j.t.J.pacing timer: concurrency: 2, delay_between_transactions: 1321.1009174311926, thread_sleep: 879, jmeter_add_comment action_time: 442
2025-05-09 09:50:42,798 INFO o.a.j.t.J.pacing timer: concurrency: 2, delay_between_transactions: 1321.1009174311926, thread_sleep: 1090, jmeter_view_kanban_board action_time: 231
2025-05-09 09:50:42,813 INFO o.a.j.t.J.pacing timer: concurrency: 2, delay_between_transactions: 1321.1009174311926, thread_sleep: 1065, jmeter_view_backlog action_time: 256
2025-05-09 09:50:44,121 INFO o.a.j.t.J.pacing timer: concurrency: 2, delay_between_transactions: 1321.1009174311926, thread_sleep: 1090, jmeter_view_scrum_board action_time: 231
2025-05-09 09:50:44,145 INFO o.a.j.t.J.pacing timer: concurrency: 2, delay_between_transactions: 1321.1009174311926, thread_sleep: 1055, jmeter_view_issue action_time: 266
2025-05-09 09:50:45,395 INFO o.a.j.t.J.pacing timer: concurrency: 2, delay_between_transactions: 1321.1009174311926, thread_sleep: 1140, jmeter_view_dashboard action_time: 181
2025-05-09 09:50:45,471 INFO o.a.j.t.J.pacing timer: concurrency: 2, delay_between_transactions: 1321.1009174311926, thread_sleep: 1052, jmeter_view_issue action_time: 269
2025-05-09 09:50:46,712 INFO o.a.j.t.J.pacing timer: concurrency: 2, delay_between_transactions: 1321.1009174311926, thread_sleep: 1134, jmeter_view_project_summary action_time: 187
2025-05-09 09:50:46,947 INFO o.a.j.t.J.pacing timer: concurrency: 2, delay_between_transactions: 1321.1009174311926, thread_sleep: 910, jmeter_search_jql action_time: 411
2025-05-09 09:50:47,978 INFO o.a.j.t.J.pacing timer: concurrency: 2, delay_between_transactions: 1321.1009174311926, thread_sleep: 1191, jmeter_browse_projects action_time: 130
2025-05-09 09:50:48,169 INFO o.a.j.t.J.pacing timer: concurrency: 2, delay_between_transactions: 1321.1009174311926, thread_sleep: 1011, jmeter_view_issue action_time: 310
2025-05-09 09:50:49,430 INFO o.a.j.t.J.pacing timer: concurrency: 2, delay_between_transactions: 1321.1009174311926, thread_sleep: 1062, jmeter_create_issue action_time: 259
2025-05-09 09:50:49,484 INFO o.a.j.t.J.pacing timer: concurrency: 2, delay_between_transactions: 1321.1009174311926, thread_sleep: 1018, jmeter_view_issue action_time: 303
2025-05-09 09:50:50,741 INFO o.a.j.t.J.pacing timer: concurrency: 2, delay_between_transactions: 1321.1009174311926, thread_sleep: 1084, jmeter_view_backlog action_time: 237
2025-05-09 09:50:50,858 INFO o.a.j.t.J.pacing timer: concurrency: 2, delay_between_transactions: 1321.1009174311926, thread_sleep: 956, jmeter_edit_issue action_time: 365
2025-05-09 09:50:52,083 INFO o.a.j.t.J.pacing timer: concurrency: 2, delay_between_transactions: 1321.1009174311926, thread_sleep: 1064, jmeter_view_scrum_board action_time: 257
2025-05-09 09:50:52,104 INFO o.a.j.t.J.pacing timer: concurrency: 2, delay_between_transactions: 1321.1009174311926, thread_sleep: 1032, jmeter_view_issue action_time: 289
2025-05-09 09:50:53,241 INFO o.a.j.t.J.pacing timer: concurrency: 2, delay_between_transactions: 1321.1009174311926, thread_sleep: 1230, jmeter_browse_projects action_time: 91
2025-05-09 09:50:53,337 INFO o.a.j.t.J.pacing timer: concurrency: 2, delay_between_transactions: 1321.1009174311926, thread_sleep: 1122, jmeter_view_kanban_board action_time: 199
2025-05-09 09:50:54,771 INFO o.a.j.t.J.pacing timer: concurrency: 2, delay_between_transactions: 1321.1009174311926, thread_sleep: 1025, jmeter_view_issue action_time: 296
2025-05-09 09:50:54,857 INFO o.a.j.t.J.pacing timer: concurrency: 2, delay_between_transactions: 1321.1009174311926, thread_sleep: 925, jmeter_search_jql action_time: 396
2025-05-09 09:50:56,077 INFO o.a.j.t.J.pacing timer: concurrency: 2, delay_between_transactions: 1321.1009174311926, thread_sleep: 1027, jmeter_view_issue action_time: 294
2025-05-09 09:50:56,085 INFO o.a.j.t.J.pacing timer: concurrency: 2, delay_between_transactions: 1321.1009174311926, thread_sleep: 1033, jmeter_view_issue action_time: 288
2025-05-09 09:50:57,291 INFO o.a.j.t.J.pacing timer: concurrency: 2, delay_between_transactions: 1321.1009174311926, thread_sleep: 1135, jmeter_view_dashboard action_time: 186
2025-05-09 09:50:57,475 INFO o.a.j.t.J.pacing timer: concurrency: 2, delay_between_transactions: 1321.1009174311926, thread_sleep: 965, jmeter_search_jql action_time: 356
2025-05-09 09:50:58,624 INFO o.a.j.t.J.pacing timer: concurrency: 2, delay_between_transactions: 1321.1009174311926, thread_sleep: 1124, jmeter_view_dashboard action_time: 197
2025-05-09 09:50:58,717 INFO o.a.j.t.J.pacing timer: concurrency: 2, delay_between_transactions: 1321.1009174311926, thread_sleep: 1046, jmeter_view_issue action_time: 275
2025-05-09 09:50:59,854 INFO o.a.j.t.J.pacing timer: concurrency: 2, delay_between_transactions: 1321.1009174311926, thread_sleep: 1217, jmeter_browse_projects action_time: 104
2025-05-09 09:51:00,039 INFO o.a.j.t.J.pacing timer: concurrency: 2, delay_between_transactions: 1321.1009174311926, thread_sleep: 1047, jmeter_view_scrum_board action_time: 274
2025-05-09 09:51:01,385 INFO o.a.j.t.J.pacing timer: concurrency: 2, delay_between_transactions: 1321.1009174311926, thread_sleep: 1023, jmeter_view_backlog action_time: 298
2025-05-09 09:51:01,448 INFO o.a.j.t.J.pacing timer: concurrency: 2, delay_between_transactions: 1321.1009174311926, thread_sleep: 946, jmeter_view_issue action_time: 375
2025-05-09 09:51:02,705 INFO o.a.j.t.J.pacing timer: concurrency: 2, delay_between_transactions: 1321.1009174311926, thread_sleep: 1011, jmeter_view_kanban_board action_time: 310
2025-05-09 09:51:02,787 INFO o.a.j.t.J.pacing timer: concurrency: 2, delay_between_transactions: 1321.1009174311926, thread_sleep: 944, jmeter_view_issue action_time: 377
2025-05-09 09:51:03,996 INFO o.a.j.t.J.pacing timer: concurrency: 2, delay_between_transactions: 1321.1009174311926, thread_sleep: 1043, jmeter_create_issue action_time: 278
2025-05-09 09:51:04,209 INFO o.a.j.t.J.pacing timer: concurrency: 2, delay_between_transactions: 1321.1009174311926, thread_sleep: 844, jmeter_edit_issue action_time: 477
2025-05-09 09:51:05,264 INFO o.a.j.t.J.pacing timer: concurrency: 2, delay_between_transactions: 1321.1009174311926, thread_sleep: 1111, jmeter_view_dashboard action_time: 210
2025-05-09 09:51:05,427 INFO o.a.j.t.J.pacing timer: concurrency: 2, delay_between_transactions: 1321.1009174311926, thread_sleep: 934, jmeter_search_jql action_time: 387
2025-05-09 09:51:06,660 INFO o.a.j.t.J.pacing timer: concurrency: 2, delay_between_transactions: 1321.1009174311926, thread_sleep: 1023, jmeter_view_issue action_time: 298
2025-05-09 09:51:06,706 INFO o.a.j.t.J.pacing timer: concurrency: 2, delay_between_transactions: 1321.1009174311926, thread_sleep: 992, jmeter_view_issue action_time: 329
2025-05-09 09:51:07,907 INFO o.a.j.t.J.pacing timer: concurrency: 2, delay_between_transactions: 1321.1009174311926, thread_sleep: 1113, jmeter_view_project_summary action_time: 208
2025-05-09 09:51:07,986 INFO o.a.j.t.J.pacing timer: concurrency: 2, delay_between_transactions: 1321.1009174311926, thread_sleep: 1020, jmeter_view_scrum_board action_time: 301
2025-05-09 09:51:09,118 INFO o.a.j.t.J.pacing timer: concurrency: 2, delay_between_transactions: 1321.1009174311926, thread_sleep: 1227, jmeter_browse_projects action_time: 94
2025-05-09 09:51:09,273 INFO o.a.j.t.J.pacing timer: concurrency: 2, delay_between_transactions: 1321.1009174311926, thread_sleep: 1060, jmeter_view_issue action_time: 261
2025-05-09 09:51:10,563 INFO o.a.j.t.J.pacing timer: concurrency: 2, delay_between_transactions: 1321.1009174311926, thread_sleep: 1093, jmeter_view_kanban_board action_time: 228
2025-05-09 09:51:10,737 INFO o.a.j.t.J.pacing timer: concurrency: 2, delay_between_transactions: 1321.1009174311926, thread_sleep: 931, jmeter_search_jql action_time: 390
2025-05-09 09:51:12,054 INFO o.a.j.t.J.pacing timer: concurrency: 2, delay_between_transactions: 1321.1009174311926, thread_sleep: 925, jmeter_view_issue action_time: 396
2025-05-09 09:51:12,064 INFO o.a.j.t.J.pacing timer: concurrency: 2, delay_between_transactions: 1321.1009174311926, thread_sleep: 926, jmeter_view_issue action_time: 395
2025-05-09 09:51:13,199 INFO o.a.j.t.J.pacing timer: concurrency: 2, delay_between_transactions: 1321.1009174311926, thread_sleep: 1103, jmeter_view_dashboard action_time: 218
2025-05-09 09:51:13,291 INFO o.a.j.t.J.pacing timer: concurrency: 2, delay_between_transactions: 1321.1009174311926, thread_sleep: 1022, jmeter_view_issue action_time: 299
2025-05-09 09:51:14,432 INFO o.a.j.t.J.pacing timer: concurrency: 2, delay_between_transactions: 1321.1009174311926, thread_sleep: 1204, jmeter_browse_projects action_time: 117
2025-05-09 09:51:14,750 INFO o.a.j.t.J.pacing timer: concurrency: 2, delay_between_transactions: 1321.1009174311926, thread_sleep: 874, jmeter_add_comment action_time: 447
2025-05-09 09:51:15,892 INFO o.a.j.t.J.pacing timer: concurrency: 2, delay_between_transactions: 1321.1009174311926, thread_sleep: 1054, jmeter_view_backlog action_time: 267
2025-05-09 09:51:15,921 INFO o.a.j.t.J.pacing timer: concurrency: 2, delay_between_transactions: 1321.1009174311926, thread_sleep: 1037, jmeter_view_issue action_time: 284
2025-05-09 09:51:17,316 INFO o.a.j.t.J.pacing timer: concurrency: 2, delay_between_transactions: 1321.1009174311926, thread_sleep: 952, jmeter_search_jql action_time: 369
2025-05-09 09:51:17,346 INFO o.a.j.t.J.pacing timer: concurrency: 2, delay_between_transactions: 1321.1009174311926, thread_sleep: 935, jmeter_edit_issue action_time: 386
2025-05-09 09:51:18,525 INFO o.a.j.t.J.pacing timer: concurrency: 2, delay_between_transactions: 1321.1009174311926, thread_sleep: 1065, jmeter_view_scrum_board action_time: 256
2025-05-09 09:51:18,542 INFO o.a.j.t.J.pacing timer: concurrency: 2, delay_between_transactions: 1321.1009174311926, thread_sleep: 1062, jmeter_view_issue action_time: 259
2025-05-09 09:51:19,862 INFO o.a.j.t.J.pacing timer: concurrency: 2, delay_between_transactions: 1321.1009174311926, thread_sleep: 1052, jmeter_view_dashboard action_time: 269
2025-05-09 09:51:19,949 INFO o.a.j.t.J.pacing timer: concurrency: 2, delay_between_transactions: 1321.1009174311926, thread_sleep: 977, jmeter_view_issue action_time: 344
2025-05-09 09:51:21,181 INFO o.a.j.t.J.pacing timer: concurrency: 2, delay_between_transactions: 1321.1009174311926, thread_sleep: 1068, jmeter_create_issue action_time: 253
2025-05-09 09:51:21,183 INFO o.a.j.t.J.pacing timer: concurrency: 2, delay_between_transactions: 1321.1009174311926, thread_sleep: 1053, jmeter_view_kanban_board action_time: 268
2025-05-09 09:51:22,349 INFO o.a.j.t.J.pacing timer: concurrency: 2, delay_between_transactions: 1321.1009174311926, thread_sleep: 1211, jmeter_browse_projects action_time: 110
2025-05-09 09:51:22,531 INFO o.a.j.t.J.pacing timer: concurrency: 2, delay_between_transactions: 1321.1009174311926, thread_sleep: 1040, jmeter_view_issue action_time: 281
2025-05-09 09:51:23,791 INFO o.a.j.t.J.pacing timer: concurrency: 2, delay_between_transactions: 1321.1009174311926, thread_sleep: 1103, jmeter_view_backlog action_time: 218
2025-05-09 09:51:23,893 INFO o.a.j.t.J.pacing timer: concurrency: 2, delay_between_transactions: 1321.1009174311926, thread_sleep: 989, jmeter_search_jql action_time: 332
2025-05-09 09:51:25,196 INFO o.a.j.t.J.pacing timer: concurrency: 2, delay_between_transactions: 1321.1009174311926, thread_sleep: 1020, jmeter_view_scrum_board action_time: 301
2025-05-09 09:51:25,208 INFO o.a.j.t.J.pacing timer: concurrency: 2, delay_between_transactions: 1321.1009174311926, thread_sleep: 996, jmeter_view_issue action_time: 325
2025-05-09 09:51:26,473 INFO o.a.j.t.J.pacing timer: concurrency: 2, delay_between_transactions: 1321.1009174311926, thread_sleep: 1066, jmeter_view_issue action_time: 255
2025-05-09 09:51:26,497 INFO o.a.j.t.J.pacing timer: concurrency: 2, delay_between_transactions: 1321.1009174311926, thread_sleep: 1029, jmeter_view_issue action_time: 292
2025-05-09 09:51:27,710 INFO o.a.j.t.J.pacing timer: concurrency: 2, delay_between_transactions: 1321.1009174311926, thread_sleep: 1138, jmeter_view_dashboard action_time: 183
2025-05-09 09:51:27,883 INFO o.a.j.t.J.pacing timer: concurrency: 2, delay_between_transactions: 1321.1009174311926, thread_sleep: 980, jmeter_search_jql action_time: 341
2025-05-09 09:51:29,127 INFO o.a.j.t.J.pacing timer: concurrency: 2, delay_between_transactions: 1321.1009174311926, thread_sleep: 1058, jmeter_view_project_summary action_time: 263
2025-05-09 09:51:29,207 INFO o.a.j.t.J.pacing timer: concurrency: 2, delay_between_transactions: 1321.1009174311926, thread_sleep: 963, jmeter_view_issue action_time: 358
2025-05-09 09:51:30,473 INFO o.a.j.t.J.pacing timer: concurrency: 2, delay_between_transactions: 1321.1009174311926, thread_sleep: 1020, jmeter_view_issue action_time: 301
2025-05-09 09:51:30,743 INFO o.a.j.t.J.pacing timer: concurrency: 2, delay_between_transactions: 1321.1009174311926, thread_sleep: 764, jmeter_edit_issue action_time: 557
2025-05-09 09:51:31,625 INFO o.a.j.t.J.pacing timer: concurrency: 2, delay_between_transactions: 1321.1009174311926, thread_sleep: 1208, jmeter_browse_projects action_time: 113
2025-05-09 09:51:31,681 INFO o.a.j.t.J.pacing timer: concurrency: 2, delay_between_transactions: 1321.1009174311926, thread_sleep: 1134, jmeter_view_dashboard action_time: 187
2025-05-09 09:51:33,074 INFO o.a.j.t.J.pacing timer: concurrency: 2, delay_between_transactions: 1321.1009174311926, thread_sleep: 1081, jmeter_view_kanban_board action_time: 240
2025-05-09 09:51:33,099 INFO o.a.j.t.J.pacing timer: concurrency: 2, delay_between_transactions: 1321.1009174311926, thread_sleep: 1038, jmeter_view_scrum_board action_time: 283
2025-05-09 09:51:34,266 INFO o.a.j.t.J.pacing timer: concurrency: 2, delay_between_transactions: 1321.1009174311926, thread_sleep: 1211, jmeter_browse_boards action_time: 110
2025-05-09 09:51:34,382 INFO o.a.j.t.J.pacing timer: concurrency: 2, delay_between_transactions: 1321.1009174311926, thread_sleep: 1077, jmeter_view_issue action_time: 244
2025-05-09 09:51:35,744 INFO o.a.j.t.J.pacing timer: concurrency: 2, delay_between_transactions: 1321.1009174311926, thread_sleep: 1038, jmeter_view_backlog action_time: 283
2025-05-09 09:51:35,924 INFO o.a.j.t.J.pacing timer: concurrency: 2, delay_between_transactions: 1321.1009174311926, thread_sleep: 877, jmeter_search_jql action_time: 444
2025-05-09 09:51:36,911 INFO o.a.j.t.J.pacing timer: concurrency: 2, delay_between_transactions: 1321.1009174311926, thread_sleep: 1221, jmeter_browse_projects action_time: 100
2025-05-09 09:51:37,044 INFO o.a.j.t.J.pacing timer: concurrency: 2, delay_between_transactions: 1321.1009174311926, thread_sleep: 1066, jmeter_view_issue action_time: 255
2025-05-09 09:51:38,316 INFO o.a.j.t.J.pacing timer: concurrency: 2, delay_between_transactions: 1321.1009174311926, thread_sleep: 1116, jmeter_create_issue action_time: 205
2025-05-09 09:51:38,376 INFO o.a.j.t.J.pacing timer: concurrency: 2, delay_between_transactions: 1321.1009174311926, thread_sleep: 1078, jmeter_view_issue action_time: 243
2025-05-09 09:51:39,639 INFO o.a.j.t.J.pacing timer: concurrency: 2, delay_between_transactions: 1321.1009174311926, thread_sleep: 1137, jmeter_view_dashboard action_time: 184
2025-05-09 09:51:39,652 INFO o.a.j.t.J.pacing timer: concurrency: 2, delay_between_transactions: 1321.1009174311926, thread_sleep: 1102, jmeter_view_kanban_board action_time: 219
2025-05-09 09:51:41,064 INFO o.a.j.t.J.pacing timer: concurrency: 2, delay_between_transactions: 1321.1009174311926, thread_sleep: 1012, jmeter_view_issue action_time: 309
2025-05-09 09:51:41,157 INFO o.a.j.t.J.pacing timer: concurrency: 2, delay_between_transactions: 1321.1009174311926, thread_sleep: 942, jmeter_search_jql action_time: 379
2025-05-09 09:51:42,324 INFO o.a.j.t.J.pacing timer: concurrency: 2, delay_between_transactions: 1321.1009174311926, thread_sleep: 1074, jmeter_view_issue action_time: 247
2025-05-09 09:51:42,326 INFO o.a.j.t.J.pacing timer: concurrency: 2, delay_between_transactions: 1321.1009174311926, thread_sleep: 1095, jmeter_view_scrum_board action_time: 226
2025-05-09 09:51:43,722 INFO o.a.j.t.J.pacing timer: concurrency: 2, delay_between_transactions: 1321.1009174311926, thread_sleep: 1022, jmeter_view_issue action_time: 299
2025-05-09 09:51:43,956 INFO o.a.j.t.J.pacing timer: concurrency: 2, delay_between_transactions: 1321.1009174311926, thread_sleep: 769, jmeter_edit_issue action_time: 552
2025-05-09 09:51:44,859 INFO o.a.j.t.J.pacing timer: concurrency: 2, delay_between_transactions: 1321.1009174311926, thread_sleep: 1211, jmeter_browse_projects action_time: 110
2025-05-09 09:51:44,997 INFO o.a.j.t.J.pacing timer: concurrency: 2, delay_between_transactions: 1321.1009174311926, thread_sleep: 1050, jmeter_view_issue action_time: 271
2025-05-09 09:51:46,250 INFO o.a.j.t.J.pacing timer: concurrency: 2, delay_between_transactions: 1321.1009174311926, thread_sleep: 1119, jmeter_view_dashboard action_time: 202
2025-05-09 09:51:46,393 INFO o.a.j.t.J.pacing timer: concurrency: 2, delay_between_transactions: 1321.1009174311926, thread_sleep: 999, jmeter_search_jql action_time: 322
2025-05-09 09:51:47,795 INFO o.a.j.t.J.pacing timer: concurrency: 2, delay_between_transactions: 1321.1009174311926, thread_sleep: 919, jmeter_view_issue action_time: 402
2025-05-09 09:51:47,934 INFO o.a.j.t.J.pacing timer: concurrency: 2, delay_between_transactions: 1321.1009174311926, thread_sleep: 757, jmeter_add_comment action_time: 564
2025-05-09 09:51:48,915 INFO o.a.j.t.J.pacing timer: concurrency: 2, delay_between_transactions: 1321.1009174311926, thread_sleep: 1122, jmeter_view_kanban_board action_time: 199
2025-05-09 09:51:48,919 INFO o.a.j.t.J.pacing timer: concurrency: 2, delay_between_transactions: 1321.1009174311926, thread_sleep: 1094, jmeter_view_backlog action_time: 227
2025-05-09 09:51:50,280 INFO o.a.j.t.J.pacing timer: concurrency: 2, delay_between_transactions: 1321.1009174311926, thread_sleep: 1057, jmeter_view_issue action_time: 264
2025-05-09 09:51:50,288 INFO o.a.j.t.J.pacing timer: concurrency: 2, delay_between_transactions: 1321.1009174311926, thread_sleep: 1071, jmeter_view_scrum_board action_time: 250
2025-05-09 09:51:51,522 INFO o.a.j.t.J.pacing timer: concurrency: 2, delay_between_transactions: 1321.1009174311926, thread_sleep: 1159, jmeter_view_dashboard action_time: 162
2025-05-09 09:51:51,610 INFO o.a.j.t.J.pacing timer: concurrency: 2, delay_between_transactions: 1321.1009174311926, thread_sleep: 1049, jmeter_view_issue action_time: 272
2025-05-09 09:51:52,835 INFO o.a.j.t.J.pacing timer: concurrency: 2, delay_between_transactions: 1321.1009174311926, thread_sleep: 1148, jmeter_view_project_summary action_time: 173
2025-05-09 09:51:53,021 INFO o.a.j.t.J.pacing timer: concurrency: 2, delay_between_transactions: 1321.1009174311926, thread_sleep: 982, jmeter_search_jql action_time: 339
2025-05-09 09:51:54,091 INFO o.a.j.t.J.pacing timer: concurrency: 2, delay_between_transactions: 1321.1009174311926, thread_sleep: 1218, jmeter_browse_projects action_time: 103
2025-05-09 09:51:54,258 INFO o.a.j.t.J.pacing timer: concurrency: 2, delay_between_transactions: 1321.1009174311926, thread_sleep: 1067, jmeter_view_issue action_time: 254
2025-05-09 09:51:55,506 INFO o.a.j.t.J.pacing timer: concurrency: 2, delay_between_transactions: 1321.1009174311926, thread_sleep: 1127, jmeter_create_issue action_time: 194
2025-05-09 09:51:55,572 INFO o.a.j.t.J.pacing timer: concurrency: 2, delay_between_transactions: 1321.1009174311926, thread_sleep: 1075, jmeter_view_issue action_time: 246
2025-05-09 09:51:56,987 INFO o.a.j.t.J.pacing timer: concurrency: 2, delay_between_transactions: 1321.1009174311926, thread_sleep: 982, jmeter_view_backlog action_time: 339
2025-05-09 09:51:57,092 INFO o.a.j.t.J.pacing timer: concurrency: 2, delay_between_transactions: 1321.1009174311926, thread_sleep: 863, jmeter_edit_issue action_time: 458
2025-05-09 09:51:58,207 INFO o.a.j.t.J.pacing timer: concurrency: 2, delay_between_transactions: 1321.1009174311926, thread_sleep: 1070, jmeter_view_issue action_time: 251
2025-05-09 09:51:58,243 INFO o.a.j.t.J.pacing timer: concurrency: 2, delay_between_transactions: 1321.1009174311926, thread_sleep: 1049, jmeter_view_scrum_board action_time: 272
2025-05-09 09:51:59,402 INFO o.a.j.t.J.pacing timer: concurrency: 2, delay_between_transactions: 1321.1009174311926, thread_sleep: 1214, jmeter_browse_projects action_time: 107
2025-05-09 09:51:59,492 INFO o.a.j.t.J.pacing timer: concurrency: 2, delay_between_transactions: 1321.1009174311926, thread_sleep: 1111, jmeter_view_kanban_board action_time: 210
2025-05-09 09:52:00,972 INFO o.a.j.t.J.pacing timer: concurrency: 2, delay_between_transactions: 1321.1009174311926, thread_sleep: 966, jmeter_view_issue action_time: 355
2025-05-09 09:52:00,996 INFO o.a.j.t.J.pacing timer: concurrency: 2, delay_between_transactions: 1321.1009174311926, thread_sleep: 929, jmeter_search_jql action_time: 392
2025-05-09 09:52:02,267 INFO o.a.j.t.J.pacing timer: concurrency: 2, delay_between_transactions: 1321.1009174311926, thread_sleep: 993, jmeter_view_issue action_time: 328
2025-05-09 09:52:02,271 INFO o.a.j.t.J.pacing timer: concurrency: 2, delay_between_transactions: 1321.1009174311926, thread_sleep: 976, jmeter_view_issue action_time: 345
2025-05-09 09:52:03,442 INFO o.a.j.t.J.pacing timer: concurrency: 2, delay_between_transactions: 1321.1009174311926, thread_sleep: 1127, jmeter_view_dashboard action_time: 194
2025-05-09 09:52:03,644 INFO o.a.j.t.J.pacing timer: concurrency: 2, delay_between_transactions: 1321.1009174311926, thread_sleep: 939, jmeter_search_jql action_time: 382
2025-05-09 09:52:04,765 INFO o.a.j.t.J.pacing timer: concurrency: 2, delay_between_transactions: 1321.1009174311926, thread_sleep: 1127, jmeter_view_dashboard action_time: 194
2025-05-09 09:52:04,873 INFO o.a.j.t.J.pacing timer: concurrency: 2, delay_between_transactions: 1321.1009174311926, thread_sleep: 1033, jmeter_view_issue action_time: 288
2025-05-09 09:52:05,985 INFO o.a.j.t.J.pacing timer: concurrency: 2, delay_between_transactions: 1321.1009174311926, thread_sleep: 1230, jmeter_browse_projects action_time: 91
2025-05-09 09:52:06,167 INFO o.a.j.t.J.pacing timer: concurrency: 2, delay_between_transactions: 1321.1009174311926, thread_sleep: 1061, jmeter_view_scrum_board action_time: 260
2025-05-09 09:52:07,522 INFO o.a.j.t.J.pacing timer: concurrency: 2, delay_between_transactions: 1321.1009174311926, thread_sleep: 1028, jmeter_view_backlog action_time: 293
2025-05-09 09:52:07,546 INFO o.a.j.t.J.pacing timer: concurrency: 2, delay_between_transactions: 1321.1009174311926, thread_sleep: 993, jmeter_view_issue action_time: 328
2025-05-09 09:52:08,751 INFO o.a.j.t.J.pacing timer: concurrency: 2, delay_between_transactions: 1321.1009174311926, thread_sleep: 1111, jmeter_view_kanban_board action_time: 210
2025-05-09 09:52:08,824 INFO o.a.j.t.J.pacing timer: concurrency: 2, delay_between_transactions: 1321.1009174311926, thread_sleep: 1048, jmeter_view_issue action_time: 273
2025-05-09 09:52:10,111 INFO o.a.j.t.J.pacing timer: concurrency: 2, delay_between_transactions: 1321.1009174311926, thread_sleep: 1073, jmeter_create_issue action_time: 248
2025-05-09 09:52:10,418 INFO o.a.j.t.J.pacing timer: concurrency: 2, delay_between_transactions: 1321.1009174311926, thread_sleep: 776, jmeter_edit_issue action_time: 545
2025-05-09 09:52:11,396 INFO o.a.j.t.J.pacing timer: concurrency: 2, delay_between_transactions: 1321.1009174311926, thread_sleep: 1120, jmeter_view_dashboard action_time: 201
2025-05-09 09:52:11,579 INFO o.a.j.t.J.pacing timer: concurrency: 2, delay_between_transactions: 1321.1009174311926, thread_sleep: 927, jmeter_search_jql action_time: 394
2025-05-09 09:52:12,790 INFO o.a.j.t.J.pacing timer: concurrency: 2, delay_between_transactions: 1321.1009174311926, thread_sleep: 1050, jmeter_view_issue action_time: 271
2025-05-09 09:52:12,790 INFO o.a.j.t.J.pacing timer: concurrency: 2, delay_between_transactions: 1321.1009174311926, thread_sleep: 1039, jmeter_view_issue action_time: 282
2025-05-09 09:52:14,051 INFO o.a.j.t.J.pacing timer: concurrency: 2, delay_between_transactions: 1321.1009174311926, thread_sleep: 1112, jmeter_view_project_summary action_time: 209
2025-05-09 09:52:14,141 INFO o.a.j.t.J.pacing timer: concurrency: 2, delay_between_transactions: 1321.1009174311926, thread_sleep: 1010, jmeter_view_scrum_board action_time: 311
2025-05-09 09:52:15,267 INFO o.a.j.t.J.pacing timer: concurrency: 2, delay_between_transactions: 1321.1009174311926, thread_sleep: 1218, jmeter_browse_projects action_time: 103
2025-05-09 09:52:15,417 INFO o.a.j.t.J.pacing timer: concurrency: 2, delay_between_transactions: 1321.1009174311926, thread_sleep: 1057, jmeter_view_issue action_time: 264
2025-05-09 09:52:16,700 INFO o.a.j.t.J.pacing timer: concurrency: 2, delay_between_transactions: 1321.1009174311926, thread_sleep: 1097, jmeter_view_kanban_board action_time: 224
2025-05-09 09:52:16,849 INFO o.a.j.t.J.pacing timer: concurrency: 2, delay_between_transactions: 1321.1009174311926, thread_sleep: 958, jmeter_search_jql action_time: 363
2025-05-09 09:52:18,074 INFO o.a.j.t.J.pacing timer: concurrency: 2, delay_between_transactions: 1321.1009174311926, thread_sleep: 1046, jmeter_view_issue action_time: 275
2025-05-09 09:52:18,094 INFO o.a.j.t.J.pacing timer: concurrency: 2, delay_between_transactions: 1321.1009174311926, thread_sleep: 1036, jmeter_view_issue action_time: 285
2025-05-09 09:52:19,303 INFO o.a.j.t.J.pacing timer: concurrency: 2, delay_between_transactions: 1321.1009174311926, thread_sleep: 1140, jmeter_view_dashboard action_time: 181
2025-05-09 09:52:19,390 INFO o.a.j.t.J.pacing timer: concurrency: 2, delay_between_transactions: 1321.1009174311926, thread_sleep: 1062, jmeter_view_issue action_time: 259
2025-05-09 09:52:20,543 INFO o.a.j.t.J.pacing timer: concurrency: 2, delay_between_transactions: 1321.1009174311926, thread_sleep: 1232, jmeter_browse_projects action_time: 89
2025-05-09 09:52:20,849 INFO o.a.j.t.J.pacing timer: concurrency: 2, delay_between_transactions: 1321.1009174311926, thread_sleep: 916, jmeter_add_comment action_time: 405
2025-05-09 09:52:22,016 INFO o.a.j.t.J.pacing timer: concurrency: 2, delay_between_transactions: 1321.1009174311926, thread_sleep: 1071, jmeter_view_backlog action_time: 250
2025-05-09 09:52:22,038 INFO o.a.j.t.J.pacing timer: concurrency: 2, delay_between_transactions: 1321.1009174311926, thread_sleep: 1059, jmeter_view_issue action_time: 262
2025-05-09 09:52:23,441 INFO o.a.j.t.J.pacing timer: concurrency: 2, delay_between_transactions: 1321.1009174311926, thread_sleep: 969, jmeter_search_jql action_time: 352
2025-05-09 09:52:23,601 INFO o.a.j.t.J.pacing timer: concurrency: 2, delay_between_transactions: 1321.1009174311926, thread_sleep: 818, jmeter_edit_issue action_time: 503
2025-05-09 09:52:24,792 INFO o.a.j.t.J.pacing timer: concurrency: 2, delay_between_transactions: 1321.1009174311926, thread_sleep: 939, jmeter_view_scrum_board action_time: 382
2025-05-09 09:52:24,811 INFO o.a.j.t.J.pacing timer: concurrency: 2, delay_between_transactions: 1321.1009174311926, thread_sleep: 930, jmeter_view_issue action_time: 391
2025-05-09 09:52:25,921 INFO o.a.j.t.J.pacing timer: concurrency: 2, delay_between_transactions: 1321.1009174311926, thread_sleep: 1133, jmeter_view_dashboard action_time: 188
2025-05-09 09:52:26,030 INFO o.a.j.t.J.pacing timer: concurrency: 2, delay_between_transactions: 1321.1009174311926, thread_sleep: 1033, jmeter_view_issue action_time: 288
2025-05-09 09:52:27,333 INFO o.a.j.t.J.pacing timer: concurrency: 2, delay_between_transactions: 1321.1009174311926, thread_sleep: 1053, jmeter_create_issue action_time: 268
2025-05-09 09:52:27,336 INFO o.a.j.t.J.pacing timer: concurrency: 2, delay_between_transactions: 1321.1009174311926, thread_sleep: 1040, jmeter_view_kanban_board action_time: 281
2025-05-09 09:52:28,468 INFO o.a.j.t.J.pacing timer: concurrency: 2, delay_between_transactions: 1321.1009174311926, thread_sleep: 1231, jmeter_browse_projects action_time: 90
2025-05-09 09:52:28,640 INFO o.a.j.t.J.pacing timer: concurrency: 2, delay_between_transactions: 1321.1009174311926, thread_sleep: 1068, jmeter_view_issue action_time: 253
2025-05-09 09:52:30,015 INFO o.a.j.t.J.pacing timer: concurrency: 2, delay_between_transactions: 1321.1009174311926, thread_sleep: 1015, jmeter_view_backlog action_time: 306
2025-05-09 09:52:30,126 INFO o.a.j.t.J.pacing timer: concurrency: 2, delay_between_transactions: 1321.1009174311926, thread_sleep: 895, jmeter_search_jql action_time: 426
2025-05-09 09:52:31,283 INFO o.a.j.t.J.pacing timer: concurrency: 2, delay_between_transactions: 1321.1009174311926, thread_sleep: 1070, jmeter_view_scrum_board action_time: 251
2025-05-09 09:52:31,303 INFO o.a.j.t.J.pacing timer: concurrency: 2, delay_between_transactions: 1321.1009174311926, thread_sleep: 1041, jmeter_view_issue action_time: 280
2025-05-09 09:52:32,692 INFO o.a.j.t.J.pacing timer: concurrency: 2, delay_between_transactions: 1321.1009174311926, thread_sleep: 974, jmeter_view_issue action_time: 347
2025-05-09 09:52:32,730 INFO o.a.j.t.J.pacing timer: concurrency: 2, delay_between_transactions: 1321.1009174311926, thread_sleep: 948, jmeter_view_issue action_time: 373
2025-05-09 09:52:33,936 INFO o.a.j.t.J.pacing timer: concurrency: 2, delay_between_transactions: 1321.1009174311926, thread_sleep: 1052, jmeter_view_dashboard action_time: 269
2025-05-09 09:52:34,144 INFO o.a.j.t.J.pacing timer: concurrency: 2, delay_between_transactions: 1321.1009174311926, thread_sleep: 856, jmeter_search_jql action_time: 465
2025-05-09 09:52:35,168 INFO o.a.j.t.J.pacing timer: concurrency: 2, delay_between_transactions: 1321.1009174311926, thread_sleep: 1153, jmeter_view_project_summary action_time: 168
2025-05-09 09:52:35,263 INFO o.a.j.t.J.pacing timer: concurrency: 2, delay_between_transactions: 1321.1009174311926, thread_sleep: 1048, jmeter_view_issue action_time: 273
2025-05-09 09:52:36,608 INFO o.a.j.t.J.pacing timer: concurrency: 2, delay_between_transactions: 1321.1009174311926, thread_sleep: 1028, jmeter_view_issue action_time: 293
2025-05-09 09:52:36,897 INFO o.a.j.t.J.pacing timer: concurrency: 2, delay_between_transactions: 1321.1009174311926, thread_sleep: 746, jmeter_edit_issue action_time: 575
2025-05-09 09:52:37,750 INFO o.a.j.t.J.pacing timer: concurrency: 2, delay_between_transactions: 1321.1009174311926, thread_sleep: 1218, jmeter_browse_projects action_time: 103
2025-05-09 09:52:37,823 INFO o.a.j.t.J.pacing timer: concurrency: 2, delay_between_transactions: 1321.1009174311926, thread_sleep: 1135, jmeter_view_dashboard action_time: 186
2025-05-09 09:52:39,151 INFO o.a.j.t.J.pacing timer: concurrency: 2, delay_between_transactions: 1321.1009174311926, thread_sleep: 1139, jmeter_view_kanban_board action_time: 182
2025-05-09 09:52:39,176 INFO o.a.j.t.J.pacing timer: concurrency: 2, delay_between_transactions: 1321.1009174311926, thread_sleep: 1104, jmeter_view_scrum_board action_time: 217
2025-05-09 09:52:40,418 INFO o.a.j.t.J.pacing timer: concurrency: 2, delay_between_transactions: 1321.1009174311926, thread_sleep: 1194, jmeter_browse_boards action_time: 127
2025-05-09 09:52:40,554 INFO o.a.j.t.J.pacing timer: concurrency: 2, delay_between_transactions: 1321.1009174311926, thread_sleep: 1049, jmeter_view_issue action_time: 272
2025-05-09 09:52:41,860 INFO o.a.j.t.J.pacing timer: concurrency: 2, delay_between_transactions: 1321.1009174311926, thread_sleep: 1064, jmeter_view_backlog action_time: 257
2025-05-09 09:52:42,021 INFO o.a.j.t.J.pacing timer: concurrency: 2, delay_between_transactions: 1321.1009174311926, thread_sleep: 913, jmeter_search_jql action_time: 408
2025-05-09 09:52:43,097 INFO o.a.j.t.J.pacing timer: concurrency: 2, delay_between_transactions: 1321.1009174311926, thread_sleep: 1161, jmeter_browse_projects action_time: 160
2025-05-09 09:52:43,247 INFO o.a.j.t.J.pacing timer: concurrency: 2, delay_between_transactions: 1321.1009174311926, thread_sleep: 999, jmeter_view_issue action_time: 322
2025-05-09 09:52:44,530 INFO o.a.j.t.J.pacing timer: concurrency: 2, delay_between_transactions: 1321.1009174311926, thread_sleep: 1038, jmeter_create_issue action_time: 283
2025-05-09 09:52:44,556 INFO o.a.j.t.J.pacing timer: concurrency: 2, delay_between_transactions: 1321.1009174311926, thread_sleep: 1026, jmeter_view_issue action_time: 295
2025-05-09 09:52:45,774 INFO o.a.j.t.J.pacing timer: concurrency: 2, delay_between_transactions: 1321.1009174311926, thread_sleep: 1130, jmeter_view_dashboard action_time: 191
2025-05-09 09:52:45,782 INFO o.a.j.t.J.pacing timer: concurrency: 2, delay_between_transactions: 1321.1009174311926, thread_sleep: 1108, jmeter_view_kanban_board action_time: 213
2025-05-09 09:52:47,122 INFO o.a.j.t.J.pacing timer: concurrency: 2, delay_between_transactions: 1321.1009174311926, thread_sleep: 1090, jmeter_view_issue action_time: 231
2025-05-09 09:52:47,219 INFO o.a.j.t.J.pacing timer: concurrency: 2, delay_between_transactions: 1321.1009174311926, thread_sleep: 1008, jmeter_search_jql action_time: 313
2025-05-09 09:52:48,447 INFO o.a.j.t.J.pacing timer: concurrency: 2, delay_between_transactions: 1321.1009174311926, thread_sleep: 1102, jmeter_view_scrum_board action_time: 219
2025-05-09 09:52:48,516 INFO o.a.j.t.J.pacing timer: concurrency: 2, delay_between_transactions: 1321.1009174311926, thread_sleep: 1018, jmeter_view_issue action_time: 303
2025-05-09 09:52:49,801 INFO o.a.j.t.J.pacing timer: concurrency: 2, delay_between_transactions: 1321.1009174311926, thread_sleep: 1070, jmeter_view_issue action_time: 251
2025-05-09 09:52:49,893 INFO o.a.j.t.J.pacing timer: concurrency: 2, delay_between_transactions: 1321.1009174311926, thread_sleep: 963, jmeter_edit_issue action_time: 358
2025-05-09 09:52:50,969 INFO o.a.j.t.J.pacing timer: concurrency: 2, delay_between_transactions: 1321.1009174311926, thread_sleep: 1225, jmeter_browse_projects action_time: 96
2025-05-09 09:52:51,104 INFO o.a.j.t.J.pacing timer: concurrency: 2, delay_between_transactions: 1321.1009174311926, thread_sleep: 1074, jmeter_view_issue action_time: 247
2025-05-09 09:52:52,450 INFO o.a.j.t.J.pacing timer: concurrency: 2, delay_between_transactions: 1321.1009174311926, thread_sleep: 1049, jmeter_view_dashboard action_time: 272
2025-05-09 09:52:52,643 INFO o.a.j.t.J.pacing timer: concurrency: 2, delay_between_transactions: 1321.1009174311926, thread_sleep: 873, jmeter_search_jql action_time: 448
2025-05-09 09:52:53,756 INFO o.a.j.t.J.pacing timer: concurrency: 2, delay_between_transactions: 1321.1009174311926, thread_sleep: 1082, jmeter_view_issue action_time: 239
2025-05-09 09:52:53,897 INFO o.a.j.t.J.pacing timer: concurrency: 2, delay_between_transactions: 1321.1009174311926, thread_sleep: 924, jmeter_add_comment action_time: 397
2025-05-09 09:52:55,070 INFO o.a.j.t.J.pacing timer: concurrency: 2, delay_between_transactions: 1321.1009174311926, thread_sleep: 1091, jmeter_view_kanban_board action_time: 230
2025-05-09 09:52:55,106 INFO o.a.j.t.J.pacing timer: concurrency: 2, delay_between_transactions: 1321.1009174311926, thread_sleep: 1045, jmeter_view_backlog action_time: 276
2025-05-09 09:52:56,406 INFO o.a.j.t.J.pacing timer: concurrency: 2, delay_between_transactions: 1321.1009174311926, thread_sleep: 1068, jmeter_view_issue action_time: 253
2025-05-09 09:52:56,419 INFO o.a.j.t.J.pacing timer: concurrency: 2, delay_between_transactions: 1321.1009174311926, thread_sleep: 1065, jmeter_view_scrum_board action_time: 256
2025-05-09 09:52:57,657 INFO o.a.j.t.J.pacing timer: concurrency: 2, delay_between_transactions: 1321.1009174311926, thread_sleep: 1149, jmeter_view_dashboard action_time: 172
2025-05-09 09:52:57,738 INFO o.a.j.t.J.pacing timer: concurrency: 2, delay_between_transactions: 1321.1009174311926, thread_sleep: 1058, jmeter_view_issue action_time: 263
2025-05-09 09:52:58,973 INFO o.a.j.t.J.pacing timer: concurrency: 2, delay_between_transactions: 1321.1009174311926, thread_sleep: 1145, jmeter_view_project_summary action_time: 176
2025-05-09 09:52:59,141 INFO o.a.j.t.J.pacing timer: concurrency: 2, delay_between_transactions: 1321.1009174311926, thread_sleep: 987, jmeter_search_jql action_time: 334
2025-05-09 09:53:00,245 INFO o.a.j.t.J.pacing timer: concurrency: 2, delay_between_transactions: 1321.1009174311926, thread_sleep: 1197, jmeter_browse_projects action_time: 124
2025-05-09 09:53:00,395 INFO o.a.j.t.J.pacing timer: concurrency: 2, delay_between_transactions: 1321.1009174311926, thread_sleep: 1055, jmeter_view_issue action_time: 266
2025-05-09 09:53:01,702 INFO o.a.j.t.J.pacing timer: concurrency: 2, delay_between_transactions: 1321.1009174311926, thread_sleep: 1062, jmeter_create_issue action_time: 259
2025-05-09 09:53:01,749 INFO o.a.j.t.J.pacing timer: concurrency: 2, delay_between_transactions: 1321.1009174311926, thread_sleep: 1023, jmeter_view_issue action_time: 298
2025-05-09 09:53:03,008 INFO o.a.j.t.J.pacing timer: concurrency: 2, delay_between_transactions: 1321.1009174311926, thread_sleep: 1086, jmeter_view_backlog action_time: 235
2025-05-09 09:53:03,175 INFO o.a.j.t.J.pacing timer: concurrency: 2, delay_between_transactions: 1321.1009174311926, thread_sleep: 911, jmeter_edit_issue action_time: 410
2025-05-09 09:53:04,334 INFO o.a.j.t.J.pacing timer: concurrency: 2, delay_between_transactions: 1321.1009174311926, thread_sleep: 1082, jmeter_view_scrum_board action_time: 239
2025-05-09 09:53:04,382 INFO o.a.j.t.J.pacing timer: concurrency: 2, delay_between_transactions: 1321.1009174311926, thread_sleep: 1026, jmeter_view_issue action_time: 295
2025-05-09 09:53:05,511 INFO o.a.j.t.J.pacing timer: concurrency: 2, delay_between_transactions: 1321.1009174311926, thread_sleep: 1228, jmeter_browse_projects action_time: 93
2025-05-09 09:53:05,617 INFO o.a.j.t.J.pacing timer: concurrency: 2, delay_between_transactions: 1321.1009174311926, thread_sleep: 1113, jmeter_view_kanban_board action_time: 208
2025-05-09 09:53:06,987 INFO o.a.j.t.J.pacing timer: concurrency: 2, delay_between_transactions: 1321.1009174311926, thread_sleep: 1075, jmeter_view_issue action_time: 246
2025-05-09 09:53:07,047 INFO o.a.j.t.J.pacing timer: concurrency: 2, delay_between_transactions: 1321.1009174311926, thread_sleep: 1005, jmeter_search_jql action_time: 316
2025-05-09 09:53:08,351 INFO o.a.j.t.J.pacing timer: concurrency: 2, delay_between_transactions: 1321.1009174311926, thread_sleep: 1035, jmeter_view_issue action_time: 286
2025-05-09 09:53:08,352 INFO o.a.j.t.J.pacing timer: concurrency: 2, delay_between_transactions: 1321.1009174311926, thread_sleep: 1025, jmeter_view_issue action_time: 296
2025-05-09 09:53:09,543 INFO o.a.j.t.J.pacing timer: concurrency: 2, delay_between_transactions: 1321.1009174311926, thread_sleep: 1155, jmeter_view_dashboard action_time: 166
2025-05-09 09:53:09,727 INFO o.a.j.t.J.pacing timer: concurrency: 2, delay_between_transactions: 1321.1009174311926, thread_sleep: 982, jmeter_search_jql action_time: 339
2025-05-09 09:53:10,948 INFO o.a.j.t.J.pacing timer: concurrency: 2, delay_between_transactions: 1321.1009174311926, thread_sleep: 1072, jmeter_view_dashboard action_time: 249
2025-05-09 09:53:11,029 INFO o.a.j.t.J.pacing timer: concurrency: 2, delay_between_transactions: 1321.1009174311926, thread_sleep: 1002, jmeter_view_issue action_time: 319
2025-05-09 09:53:12,121 INFO o.a.j.t.J.pacing timer: concurrency: 2, delay_between_transactions: 1321.1009174311926, thread_sleep: 1225, jmeter_browse_projects action_time: 96
2025-05-09 09:53:12,274 INFO o.a.j.t.J.pacing timer: concurrency: 2, delay_between_transactions: 1321.1009174311926, thread_sleep: 1080, jmeter_view_scrum_board action_time: 241
2025-05-09 09:53:13,618 INFO o.a.j.t.J.pacing timer: concurrency: 2, delay_between_transactions: 1321.1009174311926, thread_sleep: 1058, jmeter_view_backlog action_time: 263
2025-05-09 09:53:13,619 INFO o.a.j.t.J.pacing timer: concurrency: 2, delay_between_transactions: 1321.1009174311926, thread_sleep: 1049, jmeter_view_issue action_time: 272
2025-05-09 09:53:14,887 INFO o.a.j.t.J.pacing timer: concurrency: 2, delay_between_transactions: 1321.1009174311926, thread_sleep: 1103, jmeter_view_kanban_board action_time: 218
2025-05-09 09:53:14,975 INFO o.a.j.t.J.pacing timer: concurrency: 2, delay_between_transactions: 1321.1009174311926, thread_sleep: 1025, jmeter_view_issue action_time: 296
2025-05-09 09:53:16,261 INFO o.a.j.t.J.pacing timer: concurrency: 2, delay_between_transactions: 1321.1009174311926, thread_sleep: 1051, jmeter_create_issue action_time: 270
2025-05-09 09:53:16,381 INFO o.a.j.t.J.pacing timer: concurrency: 2, delay_between_transactions: 1321.1009174311926, thread_sleep: 940, jmeter_edit_issue action_time: 381
2025-05-09 09:53:17,519 INFO o.a.j.t.J.pacing timer: concurrency: 2, delay_between_transactions: 1321.1009174311926, thread_sleep: 1124, jmeter_view_dashboard action_time: 197
2025-05-09 09:53:17,697 INFO o.a.j.t.J.pacing timer: concurrency: 2, delay_between_transactions: 1321.1009174311926, thread_sleep: 939, jmeter_search_jql action_time: 382
2025-05-09 09:53:18,972 INFO o.a.j.t.J.pacing timer: concurrency: 2, delay_between_transactions: 1321.1009174311926, thread_sleep: 985, jmeter_view_issue action_time: 336
2025-05-09 09:53:18,973 INFO o.a.j.t.J.pacing timer: concurrency: 2, delay_between_transactions: 1321.1009174311926, thread_sleep: 993, jmeter_view_issue action_time: 328
2025-05-09 09:53:20,142 INFO o.a.j.t.J.pacing timer: concurrency: 2, delay_between_transactions: 1321.1009174311926, thread_sleep: 1146, jmeter_view_project_summary action_time: 175
2025-05-09 09:53:20,221 INFO o.a.j.t.J.pacing timer: concurrency: 2, delay_between_transactions: 1321.1009174311926, thread_sleep: 1058, jmeter_view_scrum_board action_time: 263
2025-05-09 09:53:21,388 INFO o.a.j.t.J.pacing timer: concurrency: 2, delay_between_transactions: 1321.1009174311926, thread_sleep: 1222, jmeter_browse_projects action_time: 99
2025-05-09 09:53:21,536 INFO o.a.j.t.J.pacing timer: concurrency: 2, delay_between_transactions: 1321.1009174311926, thread_sleep: 1065, jmeter_view_issue action_time: 256
2025-05-09 09:53:22,824 INFO o.a.j.t.J.pacing timer: concurrency: 2, delay_between_transactions: 1321.1009174311926, thread_sleep: 1100, jmeter_view_kanban_board action_time: 221
2025-05-09 09:53:22,991 INFO o.a.j.t.J.pacing timer: concurrency: 2, delay_between_transactions: 1321.1009174311926, thread_sleep: 949, jmeter_search_jql action_time: 372
2025-05-09 09:53:24,170 INFO o.a.j.t.J.pacing timer: concurrency: 2, delay_between_transactions: 1321.1009174311926, thread_sleep: 1092, jmeter_view_issue action_time: 229
2025-05-09 09:53:24,170 INFO o.a.j.t.J.pacing timer: concurrency: 2, delay_between_transactions: 1321.1009174311926, thread_sleep: 1076, jmeter_view_issue action_time: 245
2025-05-09 09:53:25,450 INFO o.a.j.t.J.pacing timer: concurrency: 2, delay_between_transactions: 1321.1009174311926, thread_sleep: 1118, jmeter_view_dashboard action_time: 203
2025-05-09 09:53:25,528 INFO o.a.j.t.J.pacing timer: concurrency: 2, delay_between_transactions: 1321.1009174311926, thread_sleep: 1056, jmeter_view_issue action_time: 265
2025-05-09 09:53:26,685 INFO o.a.j.t.J.pacing timer: concurrency: 2, delay_between_transactions: 1321.1009174311926, thread_sleep: 1222, jmeter_browse_projects action_time: 99
2025-05-09 09:53:26,998 INFO o.a.j.t.J.pacing timer: concurrency: 2, delay_between_transactions: 1321.1009174311926, thread_sleep: 892, jmeter_add_comment action_time: 429
2025-05-09 09:53:28,250 INFO o.a.j.t.J.pacing timer: concurrency: 2, delay_between_transactions: 1321.1009174311926, thread_sleep: 963, jmeter_view_backlog action_time: 358
2025-05-09 09:53:28,262 INFO o.a.j.t.J.pacing timer: concurrency: 2, delay_between_transactions: 1321.1009174311926, thread_sleep: 970, jmeter_view_issue action_time: 351
2025-05-09 09:53:29,595 INFO o.a.j.t.J.pacing timer: concurrency: 2, delay_between_transactions: 1321.1009174311926, thread_sleep: 939, jmeter_search_jql action_time: 382
2025-05-09 09:53:29,751 INFO o.a.j.t.J.pacing timer: concurrency: 2, delay_between_transactions: 1321.1009174311926, thread_sleep: 803, jmeter_edit_issue action_time: 518
2025-05-09 09:53:30,788 INFO o.a.j.t.J.pacing timer: concurrency: 2, delay_between_transactions: 1321.1009174311926, thread_sleep: 1069, jmeter_view_scrum_board action_time: 252
2025-05-09 09:53:30,843 INFO o.a.j.t.J.pacing timer: concurrency: 2, delay_between_transactions: 1321.1009174311926, thread_sleep: 1033, jmeter_view_issue action_time: 288
2025-05-09 09:53:32,042 INFO o.a.j.t.J.pacing timer: concurrency: 2, delay_between_transactions: 1321.1009174311926, thread_sleep: 1137, jmeter_view_dashboard action_time: 184
2025-05-09 09:53:32,146 INFO o.a.j.t.J.pacing timer: concurrency: 2, delay_between_transactions: 1321.1009174311926, thread_sleep: 1052, jmeter_view_issue action_time: 269
2025-05-09 09:53:33,386 INFO o.a.j.t.J.pacing timer: concurrency: 2, delay_between_transactions: 1321.1009174311926, thread_sleep: 1115, jmeter_view_kanban_board action_time: 206
2025-05-09 09:53:33,435 INFO o.a.j.t.J.pacing timer: concurrency: 2, delay_between_transactions: 1321.1009174311926, thread_sleep: 1085, jmeter_create_issue action_time: 236
2025-05-09 09:53:34,600 INFO o.a.j.t.J.pacing timer: concurrency: 2, delay_between_transactions: 1321.1009174311926, thread_sleep: 1224, jmeter_browse_projects action_time: 97
2025-05-09 09:53:34,776 INFO o.a.j.t.J.pacing timer: concurrency: 2, delay_between_transactions: 1321.1009174311926, thread_sleep: 1067, jmeter_view_issue action_time: 254
2025-05-09 09:53:36,148 INFO o.a.j.t.J.pacing timer: concurrency: 2, delay_between_transactions: 1321.1009174311926, thread_sleep: 1016, jmeter_view_backlog action_time: 305
2025-05-09 09:53:36,239 INFO o.a.j.t.J.pacing timer: concurrency: 2, delay_between_transactions: 1321.1009174311926, thread_sleep: 907, jmeter_search_jql action_time: 414
2025-05-09 09:53:37,402 INFO o.a.j.t.J.pacing timer: concurrency: 2, delay_between_transactions: 1321.1009174311926, thread_sleep: 1084, jmeter_view_scrum_board action_time: 237
2025-05-09 09:53:37,408 INFO o.a.j.t.J.pacing timer: concurrency: 2, delay_between_transactions: 1321.1009174311926, thread_sleep: 1064, jmeter_view_issue action_time: 257
2025-05-09 09:53:38,744 INFO o.a.j.t.J.pacing timer: concurrency: 2, delay_between_transactions: 1321.1009174311926, thread_sleep: 1064, jmeter_view_issue action_time: 257
2025-05-09 09:53:38,752 INFO o.a.j.t.J.pacing timer: concurrency: 2, delay_between_transactions: 1321.1009174311926, thread_sleep: 1042, jmeter_view_issue action_time: 279
2025-05-09 09:53:39,962 INFO o.a.j.t.J.pacing timer: concurrency: 2, delay_between_transactions: 1321.1009174311926, thread_sleep: 1154, jmeter_view_dashboard action_time: 167
2025-05-09 09:53:40,155 INFO o.a.j.t.J.pacing timer: concurrency: 2, delay_between_transactions: 1321.1009174311926, thread_sleep: 975, jmeter_search_jql action_time: 346
2025-05-09 09:53:41,295 INFO o.a.j.t.J.pacing timer: concurrency: 2, delay_between_transactions: 1321.1009174311926, thread_sleep: 1157, jmeter_view_project_summary action_time: 164
2025-05-09 09:53:41,369 INFO o.a.j.t.J.pacing timer: concurrency: 2, delay_between_transactions: 1321.1009174311926, thread_sleep: 1069, jmeter_view_issue action_time: 252
2025-05-09 09:53:42,699 INFO o.a.j.t.J.pacing timer: concurrency: 2, delay_between_transactions: 1321.1009174311926, thread_sleep: 1061, jmeter_view_issue action_time: 260
2025-05-09 09:53:42,860 INFO o.a.j.t.J.pacing timer: concurrency: 2, delay_between_transactions: 1321.1009174311926, thread_sleep: 914, jmeter_edit_issue action_time: 407
2025-05-09 09:53:43,870 INFO o.a.j.t.J.pacing timer: concurrency: 2, delay_between_transactions: 1321.1009174311926, thread_sleep: 1228, jmeter_browse_projects action_time: 93
2025-05-09 09:53:43,950 INFO o.a.j.t.J.pacing timer: concurrency: 2, delay_between_transactions: 1321.1009174311926, thread_sleep: 1132, jmeter_view_dashboard action_time: 189
2025-05-09 09:53:45,415 INFO o.a.j.t.J.pacing timer: concurrency: 2, delay_between_transactions: 1321.1009174311926, thread_sleep: 1007, jmeter_view_kanban_board action_time: 314
2025-05-09 09:53:45,447 INFO o.a.j.t.J.pacing timer: concurrency: 2, delay_between_transactions: 1321.1009174311926, thread_sleep: 957, jmeter_view_scrum_board action_time: 364
2025-05-09 09:53:46,526 INFO o.a.j.t.J.pacing timer: concurrency: 2, delay_between_transactions: 1321.1009174311926, thread_sleep: 1217, jmeter_browse_boards action_time: 104
2025-05-09 09:53:46,683 INFO o.a.j.t.J.pacing timer: concurrency: 2, delay_between_transactions: 1321.1009174311926, thread_sleep: 1044, jmeter_view_issue action_time: 277
2025-05-09 09:53:47,949 INFO o.a.j.t.J.pacing timer: concurrency: 2, delay_between_transactions: 1321.1009174311926, thread_sleep: 1100, jmeter_view_backlog action_time: 221
2025-05-09 09:53:48,066 INFO o.a.j.t.J.pacing timer: concurrency: 2, delay_between_transactions: 1321.1009174311926, thread_sleep: 1000, jmeter_search_jql action_time: 321
2025-05-09 09:53:49,160 INFO o.a.j.t.J.pacing timer: concurrency: 2, delay_between_transactions: 1321.1009174311926, thread_sleep: 1228, jmeter_browse_projects action_time: 93
2025-05-09 09:53:49,298 INFO o.a.j.t.J.pacing timer: concurrency: 2, delay_between_transactions: 1321.1009174311926, thread_sleep: 1074, jmeter_view_issue action_time: 247
2025-05-09 09:53:50,601 INFO o.a.j.t.J.pacing timer: concurrency: 2, delay_between_transactions: 1321.1009174311926, thread_sleep: 1092, jmeter_create_issue action_time: 229
2025-05-09 09:53:50,658 INFO o.a.j.t.J.pacing timer: concurrency: 2, delay_between_transactions: 1321.1009174311926, thread_sleep: 1052, jmeter_view_issue action_time: 269
2025-05-09 09:53:51,906 INFO o.a.j.t.J.pacing timer: concurrency: 2, delay_between_transactions: 1321.1009174311926, thread_sleep: 1109, jmeter_view_kanban_board action_time: 212
2025-05-09 09:53:51,920 INFO o.a.j.t.J.pacing timer: concurrency: 2, delay_between_transactions: 1321.1009174311926, thread_sleep: 1112, jmeter_view_dashboard action_time: 209
2025-05-09 09:53:53,316 INFO o.a.j.t.J.pacing timer: concurrency: 2, delay_between_transactions: 1321.1009174311926, thread_sleep: 1021, jmeter_view_issue action_time: 300
2025-05-09 09:53:53,383 INFO o.a.j.t.J.pacing timer: concurrency: 2, delay_between_transactions: 1321.1009174311926, thread_sleep: 971, jmeter_search_jql action_time: 350
2025-05-09 09:53:54,607 INFO o.a.j.t.J.pacing timer: concurrency: 2, delay_between_transactions: 1321.1009174311926, thread_sleep: 1069, jmeter_view_scrum_board action_time: 252
2025-05-09 09:53:54,633 INFO o.a.j.t.J.pacing timer: concurrency: 2, delay_between_transactions: 1321.1009174311926, thread_sleep: 1026, jmeter_view_issue action_time: 295
2025-05-09 09:53:55,934 INFO o.a.j.t.J.pacing timer: concurrency: 2, delay_between_transactions: 1321.1009174311926, thread_sleep: 1064, jmeter_view_issue action_time: 257
2025-05-09 09:53:56,042 INFO o.a.j.t.J.pacing timer: concurrency: 2, delay_between_transactions: 1321.1009174311926, thread_sleep: 939, jmeter_edit_issue action_time: 382
2025-05-09 09:53:57,093 INFO o.a.j.t.J.pacing timer: concurrency: 2, delay_between_transactions: 1321.1009174311926, thread_sleep: 1227, jmeter_browse_projects action_time: 94
2025-05-09 09:53:57,235 INFO o.a.j.t.J.pacing timer: concurrency: 2, delay_between_transactions: 1321.1009174311926, thread_sleep: 1069, jmeter_view_issue action_time: 252
2025-05-09 09:53:58,490 INFO o.a.j.t.J.pacing timer: concurrency: 2, delay_between_transactions: 1321.1009174311926, thread_sleep: 1136, jmeter_view_dashboard action_time: 185
2025-05-09 09:53:58,669 INFO o.a.j.t.J.pacing timer: concurrency: 2, delay_between_transactions: 1321.1009174311926, thread_sleep: 974, jmeter_search_jql action_time: 347
2025-05-09 09:53:59,891 INFO o.a.j.t.J.pacing timer: concurrency: 2, delay_between_transactions: 1321.1009174311926, thread_sleep: 1073, jmeter_view_issue action_time: 248
2025-05-09 09:54:00,180 INFO o.a.j.t.J.pacing timer: concurrency: 2, delay_between_transactions: 1321.1009174311926, thread_sleep: 768, jmeter_add_comment action_time: 553
2025-05-09 09:54:01,231 INFO o.a.j.t.J.pacing timer: concurrency: 2, delay_between_transactions: 1321.1009174311926, thread_sleep: 1055, jmeter_view_kanban_board action_time: 266
2025-05-09 09:54:01,251 INFO o.a.j.t.J.pacing timer: concurrency: 2, delay_between_transactions: 1321.1009174311926, thread_sleep: 1019, jmeter_view_backlog action_time: 302
2025-05-09 09:54:02,570 INFO o.a.j.t.J.pacing timer: concurrency: 2, delay_between_transactions: 1321.1009174311926, thread_sleep: 1038, jmeter_view_scrum_board action_time: 283
2025-05-09 09:54:02,604 INFO o.a.j.t.J.pacing timer: concurrency: 2, delay_between_transactions: 1321.1009174311926, thread_sleep: 989, jmeter_view_issue action_time: 332
2025-05-09 09:54:03,782 INFO o.a.j.t.J.pacing timer: concurrency: 2, delay_between_transactions: 1321.1009174311926, thread_sleep: 1148, jmeter_view_dashboard action_time: 173
2025-05-09 09:54:03,862 INFO o.a.j.t.J.pacing timer: concurrency: 2, delay_between_transactions: 1321.1009174311926, thread_sleep: 1053, jmeter_view_issue action_time: 268
2025-05-09 09:54:05,167 INFO o.a.j.t.J.pacing timer: concurrency: 2, delay_between_transactions: 1321.1009174311926, thread_sleep: 1070, jmeter_view_project_summary action_time: 251
2025-05-09 09:54:05,384 INFO o.a.j.t.J.pacing timer: concurrency: 2, delay_between_transactions: 1321.1009174311926, thread_sleep: 868, jmeter_search_jql action_time: 453
2025-05-09 09:54:06,330 INFO o.a.j.t.J.pacing timer: concurrency: 2, delay_between_transactions: 1321.1009174311926, thread_sleep: 1231, jmeter_browse_projects action_time: 90
2025-05-09 09:54:06,562 INFO o.a.j.t.J.pacing timer: concurrency: 2, delay_between_transactions: 1321.1009174311926, thread_sleep: 1012, jmeter_view_issue action_time: 309
2025-05-09 09:54:07,816 INFO o.a.j.t.J.pacing timer: concurrency: 2, delay_between_transactions: 1321.1009174311926, thread_sleep: 1067, jmeter_create_issue action_time: 254
2025-05-09 09:54:07,866 INFO o.a.j.t.J.pacing timer: concurrency: 2, delay_between_transactions: 1321.1009174311926, thread_sleep: 1030, jmeter_view_issue action_time: 291
2025-05-09 09:54:09,126 INFO o.a.j.t.J.pacing timer: concurrency: 2, delay_between_transactions: 1321.1009174311926, thread_sleep: 1092, jmeter_view_backlog action_time: 229
2025-05-09 09:54:09,385 INFO o.a.j.t.J.pacing timer: concurrency: 2, delay_between_transactions: 1321.1009174311926, thread_sleep: 820, jmeter_edit_issue action_time: 501
2025-05-09 09:54:10,451 INFO o.a.j.t.J.pacing timer: concurrency: 2, delay_between_transactions: 1321.1009174311926, thread_sleep: 1090, jmeter_view_scrum_board action_time: 231
2025-05-09 09:54:10,466 INFO o.a.j.t.J.pacing timer: concurrency: 2, delay_between_transactions: 1321.1009174311926, thread_sleep: 1062, jmeter_view_issue action_time: 259
2025-05-09 09:54:11,646 INFO o.a.j.t.J.pacing timer: concurrency: 2, delay_between_transactions: 1321.1009174311926, thread_sleep: 1217, jmeter_browse_projects action_time: 104
2025-05-09 09:54:11,736 INFO o.a.j.t.J.pacing timer: concurrency: 2, delay_between_transactions: 1321.1009174311926, thread_sleep: 1113, jmeter_view_kanban_board action_time: 208
2025-05-09 09:54:13,134 INFO o.a.j.t.J.pacing timer: concurrency: 2, delay_between_transactions: 1321.1009174311926, thread_sleep: 1052, jmeter_view_issue action_time: 269
2025-05-09 09:54:13,225 INFO o.a.j.t.J.pacing timer: concurrency: 2, delay_between_transactions: 1321.1009174311926, thread_sleep: 946, jmeter_search_jql action_time: 375
2025-05-09 09:54:14,485 INFO o.a.j.t.J.pacing timer: concurrency: 2, delay_between_transactions: 1321.1009174311926, thread_sleep: 1008, jmeter_view_issue action_time: 313
2025-05-09 09:54:14,508 INFO o.a.j.t.J.pacing timer: concurrency: 2, delay_between_transactions: 1321.1009174311926, thread_sleep: 1003, jmeter_view_issue action_time: 318
2025-05-09 09:54:15,697 INFO o.a.j.t.J.pacing timer: concurrency: 2, delay_between_transactions: 1321.1009174311926, thread_sleep: 1120, jmeter_view_dashboard action_time: 201
2025-05-09 09:54:15,893 INFO o.a.j.t.J.pacing timer: concurrency: 2, delay_between_transactions: 1321.1009174311926, thread_sleep: 941, jmeter_search_jql action_time: 380
2025-05-09 09:54:17,014 INFO o.a.j.t.J.pacing timer: concurrency: 2, delay_between_transactions: 1321.1009174311926, thread_sleep: 1125, jmeter_view_dashboard action_time: 196
2025-05-09 09:54:17,100 INFO o.a.j.t.J.pacing timer: concurrency: 2, delay_between_transactions: 1321.1009174311926, thread_sleep: 1056, jmeter_view_issue action_time: 265
2025-05-09 09:54:18,243 INFO o.a.j.t.J.pacing timer: concurrency: 2, delay_between_transactions: 1321.1009174311926, thread_sleep: 1218, jmeter_browse_projects action_time: 103
2025-05-09 09:54:18,407 INFO o.a.j.t.J.pacing timer: concurrency: 2, delay_between_transactions: 1321.1009174311926, thread_sleep: 1071, jmeter_view_scrum_board action_time: 250
2025-05-09 09:54:19,712 INFO o.a.j.t.J.pacing timer: concurrency: 2, delay_between_transactions: 1321.1009174311926, thread_sleep: 1088, jmeter_view_backlog action_time: 233
2025-05-09 09:54:19,734 INFO o.a.j.t.J.pacing timer: concurrency: 2, delay_between_transactions: 1321.1009174311926, thread_sleep: 1049, jmeter_view_issue action_time: 272
2025-05-09 09:54:21,006 INFO o.a.j.t.J.pacing timer: concurrency: 2, delay_between_transactions: 1321.1009174311926, thread_sleep: 1099, jmeter_view_kanban_board action_time: 222
2025-05-09 09:54:21,094 INFO o.a.j.t.J.pacing timer: concurrency: 2, delay_between_transactions: 1321.1009174311926, thread_sleep: 1029, jmeter_view_issue action_time: 292
2025-05-09 09:54:22,355 INFO o.a.j.t.J.pacing timer: concurrency: 2, delay_between_transactions: 1321.1009174311926, thread_sleep: 1072, jmeter_create_issue action_time: 249
2025-05-09 09:54:22,540 INFO o.a.j.t.J.pacing timer: concurrency: 2, delay_between_transactions: 1321.1009174311926, thread_sleep: 907, jmeter_edit_issue action_time: 414
2025-05-09 09:54:23,635 INFO o.a.j.t.J.pacing timer: concurrency: 2, delay_between_transactions: 1321.1009174311926, thread_sleep: 1134, jmeter_view_dashboard action_time: 187
2025-05-09 09:54:23,765 INFO o.a.j.t.J.pacing timer: concurrency: 2, delay_between_transactions: 1321.1009174311926, thread_sleep: 984, jmeter_search_jql action_time: 337
2025-05-09 09:54:25,056 INFO o.a.j.t.J.pacing timer: concurrency: 2, delay_between_transactions: 1321.1009174311926, thread_sleep: 1015, jmeter_view_issue action_time: 306
2025-05-09 09:54:25,063 INFO o.a.j.t.J.pacing timer: concurrency: 2, delay_between_transactions: 1321.1009174311926, thread_sleep: 1028, jmeter_view_issue action_time: 293
2025-05-09 09:54:26,257 INFO o.a.j.t.J.pacing timer: concurrency: 2, delay_between_transactions: 1321.1009174311926, thread_sleep: 1155, jmeter_view_project_summary action_time: 166
2025-05-09 09:54:26,310 INFO o.a.j.t.J.pacing timer: concurrency: 2, delay_between_transactions: 1321.1009174311926, thread_sleep: 1083, jmeter_view_scrum_board action_time: 238
2025-05-09 09:54:27,509 INFO o.a.j.t.J.pacing timer: concurrency: 2, delay_between_transactions: 1321.1009174311926, thread_sleep: 1225, jmeter_browse_projects action_time: 96
2025-05-09 09:54:27,646 INFO o.a.j.t.J.pacing timer: concurrency: 2, delay_between_transactions: 1321.1009174311926, thread_sleep: 1069, jmeter_view_issue action_time: 252
2025-05-09 09:54:28,924 INFO o.a.j.t.J.pacing timer: concurrency: 2, delay_between_transactions: 1321.1009174311926, thread_sleep: 1113, jmeter_view_kanban_board action_time: 208
2025-05-09 09:54:29,085 INFO o.a.j.t.J.pacing timer: concurrency: 2, delay_between_transactions: 1321.1009174311926, thread_sleep: 972, jmeter_search_jql action_time: 349
2025-05-09 09:54:30,327 INFO o.a.j.t.J.pacing timer: concurrency: 2, delay_between_transactions: 1321.1009174311926, thread_sleep: 1032, jmeter_view_issue action_time: 289
2025-05-09 09:54:30,350 INFO o.a.j.t.J.pacing timer: concurrency: 2, delay_between_transactions: 1321.1009174311926, thread_sleep: 1028, jmeter_view_issue action_time: 293
2025-05-09 09:54:31,592 INFO o.a.j.t.J.pacing timer: concurrency: 2, delay_between_transactions: 1321.1009174311926, thread_sleep: 1088, jmeter_view_dashboard action_time: 233
2025-05-09 09:54:31,700 INFO o.a.j.t.J.pacing timer: concurrency: 2, delay_between_transactions: 1321.1009174311926, thread_sleep: 1000, jmeter_view_issue action_time: 321
2025-05-09 09:54:32,805 INFO o.a.j.t.J.pacing timer: concurrency: 2, delay_between_transactions: 1321.1009174311926, thread_sleep: 1218, jmeter_browse_projects action_time: 103
2025-05-09 09:54:33,135 INFO o.a.j.t.J.pacing timer: concurrency: 2, delay_between_transactions: 1321.1009174311926, thread_sleep: 866, jmeter_add_comment action_time: 455
2025-05-09 09:54:34,251 INFO o.a.j.t.J.pacing timer: concurrency: 2, delay_between_transactions: 1321.1009174311926, thread_sleep: 1072, jmeter_view_backlog action_time: 249
2025-05-09 09:54:34,296 INFO o.a.j.t.J.pacing timer: concurrency: 2, delay_between_transactions: 1321.1009174311926, thread_sleep: 1050, jmeter_view_issue action_time: 271
2025-05-09 09:54:35,698 INFO o.a.j.t.J.pacing timer: concurrency: 2, delay_between_transactions: 1321.1009174311926, thread_sleep: 952, jmeter_search_jql action_time: 369
2025-05-09 09:54:35,923 INFO o.a.j.t.J.pacing timer: concurrency: 2, delay_between_transactions: 1321.1009174311926, thread_sleep: 745, jmeter_edit_issue action_time: 576
2025-05-09 09:54:36,872 INFO o.a.j.t.J.pacing timer: concurrency: 2, delay_between_transactions: 1321.1009174311926, thread_sleep: 1100, jmeter_view_scrum_board action_time: 221
2025-05-09 09:54:36,916 INFO o.a.j.t.J.pacing timer: concurrency: 2, delay_between_transactions: 1321.1009174311926, thread_sleep: 1074, jmeter_view_issue action_time: 247
2025-05-09 09:54:38,167 INFO o.a.j.t.J.pacing timer: concurrency: 2, delay_between_transactions: 1321.1009174311926, thread_sleep: 1127, jmeter_view_dashboard action_time: 194
2025-05-09 09:54:38,266 INFO o.a.j.t.J.pacing timer: concurrency: 2, delay_between_transactions: 1321.1009174311926, thread_sleep: 1046, jmeter_view_issue action_time: 275
2025-05-09 09:54:39,534 INFO o.a.j.t.J.pacing timer: concurrency: 2, delay_between_transactions: 1321.1009174311926, thread_sleep: 1082, jmeter_view_kanban_board action_time: 239
2025-05-09 09:54:39,543 INFO o.a.j.t.J.pacing timer: concurrency: 2, delay_between_transactions: 1321.1009174311926, thread_sleep: 1094, jmeter_create_issue action_time: 227
2025-05-09 09:54:40,718 INFO o.a.j.t.J.pacing timer: concurrency: 2, delay_between_transactions: 1321.1009174311926, thread_sleep: 1221, jmeter_browse_projects action_time: 100
2025-05-09 09:54:40,924 INFO o.a.j.t.J.pacing timer: concurrency: 2, delay_between_transactions: 1321.1009174311926, thread_sleep: 1035, jmeter_view_issue action_time: 286
2025-05-09 09:54:42,182 INFO o.a.j.t.J.pacing timer: concurrency: 2, delay_between_transactions: 1321.1009174311926, thread_sleep: 1099, jmeter_view_backlog action_time: 222
2025-05-09 09:54:42,309 INFO o.a.j.t.J.pacing timer: concurrency: 2, delay_between_transactions: 1321.1009174311926, thread_sleep: 952, jmeter_search_jql action_time: 369
2025-05-09 09:54:43,533 INFO o.a.j.t.J.pacing timer: concurrency: 2, delay_between_transactions: 1321.1009174311926, thread_sleep: 1070, jmeter_view_scrum_board action_time: 251
2025-05-09 09:54:43,560 INFO o.a.j.t.J.pacing timer: concurrency: 2, delay_between_transactions: 1321.1009174311926, thread_sleep: 1024, jmeter_view_issue action_time: 297
2025-05-09 09:54:44,854 INFO o.a.j.t.J.pacing timer: concurrency: 2, delay_between_transactions: 1321.1009174311926, thread_sleep: 1052, jmeter_view_issue action_time: 269
2025-05-09 09:54:44,882 INFO o.a.j.t.J.pacing timer: concurrency: 2, delay_between_transactions: 1321.1009174311926, thread_sleep: 1043, jmeter_view_issue action_time: 278
2025-05-09 09:54:46,099 INFO o.a.j.t.J.pacing timer: concurrency: 2, delay_between_transactions: 1321.1009174311926, thread_sleep: 1129, jmeter_view_dashboard action_time: 192
2025-05-09 09:54:46,322 INFO o.a.j.t.J.pacing timer: concurrency: 2, delay_between_transactions: 1321.1009174311926, thread_sleep: 925, jmeter_search_jql action_time: 396
2025-05-09 09:54:47,454 INFO o.a.j.t.J.pacing timer: concurrency: 2, delay_between_transactions: 1321.1009174311926, thread_sleep: 1116, jmeter_view_project_summary action_time: 205
2025-05-09 09:54:47,509 INFO o.a.j.t.J.pacing timer: concurrency: 2, delay_between_transactions: 1321.1009174311926, thread_sleep: 1041, jmeter_view_issue action_time: 280
2025-05-09 09:54:48,824 INFO o.a.j.t.J.pacing timer: concurrency: 2, delay_between_transactions: 1321.1009174311926, thread_sleep: 1050, jmeter_view_issue action_time: 271
2025-05-09 09:54:49,060 INFO o.a.j.t.J.pacing timer: concurrency: 2, delay_between_transactions: 1321.1009174311926, thread_sleep: 831, jmeter_edit_issue action_time: 490
2025-05-09 09:54:50,031 INFO o.a.j.t.J.pacing timer: concurrency: 2, delay_between_transactions: 1321.1009174311926, thread_sleep: 1182, jmeter_browse_projects action_time: 139
2025-05-09 09:54:50,191 INFO o.a.j.t.J.pacing timer: concurrency: 2, delay_between_transactions: 1321.1009174311926, thread_sleep: 1005, jmeter_view_dashboard action_time: 316
2025-05-09 09:54:51,381 INFO c.b.j.t.c.ConcurrencyThreadStarter: Done supplying threads
2025-05-09 09:54:51,387 INFO o.a.j.t.JMeterThread: Thread is done: Jira-ThreadStarter 1-2
2025-05-09 09:54:51,388 INFO o.a.j.t.JMeterThread: Thread finished: Jira-ThreadStarter 1-2
2025-05-09 09:54:51,397 INFO o.a.j.t.JMeterThread: Thread is done: Jira-ThreadStarter 1-1
2025-05-09 09:54:51,397 INFO o.a.j.t.JMeterThread: Thread finished: Jira-ThreadStarter 1-1
2025-05-09 09:54:51,399 INFO o.a.j.e.StandardJMeterEngine: Notifying test listeners of end of test
2025-05-09 09:54:51,400 INFO o.a.j.s.FileServer: Close: datasets/jira/jqls.csv
2025-05-09 09:54:51,400 INFO o.a.j.s.FileServer: Close: datasets/jira/users.csv
2025-05-09 09:54:51,405 INFO o.a.j.e.StandardJMeterEngine: Forced JVM shutdown requested at end of test
