2025-05-22 05:58:13 [INFO] Terraform will use '/data-center-terraform/conf.tfvars' to install the infrastructure.
2025-05-22 05:58:13 [INFO] Verifying the config file.
2025-05-22 05:58:13 [INFO] Checking jira license
2025-05-22 05:58:13 [INFO] Testing jira license: AAAB4A0ODAoPeNqVUk1v2kAUvPtXWOqlPRitzUcw0kqFZUlpbEOAoKTi8jCPeIuxnfWahPz6+gMELQlSJV921jvzZt58GUihu7DXia0Tq2OaHcvUWX+mW8RqakwiKBFHfVBIC8Qg+WdrjvAxSnG2T9CDLVI2cl0+YcOuo/0WEmqHe74SxWvKvRmfjCfDKde8bLtEOVo/pChTaphHKv6WCLk/02kZpF2RJTJeZb6qFQcjjdfqFSTWwFdih1TJDLVptkx9KZJSrET4DsIMTueSKGcHhpFCWYFhJf0D0oC67JUNus0BWjZj73h3y+Y784VZbGVu3F7rrhvcP964WW8CnLTfn+yXZRD9CsO53CXd9f2CLujRybBPnWF/yj3DsYjdaDbqjWs+pgpkMdEawjR3gnKHMqfoPRLLsJ9GpjH02i3DGTVvtQ3u53lqhSmzRcgNadfrpvYsEaMgThKUV3IfZ9IPIMV/N3n+uowmkSI9xso9+rePD7Q+6kAfT+v4mbvVpwe3+tdiB3q1hG+Ljn7ak+aCyNEIIv//y3DRqvNBz5tyheOTdhwTt7SRfIZIpFWrHsQYVKCxOFI5P8+HDyls0gBUbSuUgvB7JpL8j5ofbyvVixlL9GK4K7EexEr4U60/10tPfzAsAhR6BoB2I0qhCILkgS7BDLcmg+PUuwIUcqbRoNrM+3cYX+g97XwvluKiI/E=X02mq 
2025-05-22 05:58:13 [INFO] The provided license is valid
2025-05-22 05:58:13 [INFO] Starting pre-flight checks for jira
2025-05-22 05:58:13 [INFO] Dataset size is small
2025-05-22 05:58:13 [INFO] Checking EBS snapshot snap-0a2e612a8f11232ef compatibility with jira version 10.3.4
2025-05-22 05:58:15 [INFO] EBS snapshot snap-0a2e612a8f11232ef version small.10.3.4 is compatible with jira version 10.3.4
2025-05-22 05:58:15 [INFO] Checking RDS snapshot arn:aws:rds:us-east-2:585036043680:snapshot:dcapt-jira-small-10-3-4 compatibility with jira version 10.3.4
2025-05-22 05:58:15 [INFO] RDS snapshot 'arn:aws:rds:us-east-2:585036043680:snapshot:dcapt-jira-small-10-3-4' is compatible with jira version 10.3.4
Initializing the backend...

Successfully configured the backend "s3"! Terraform will automatically
use this backend unless the backend configuration changes.
Initializing modules...
- bamboo in modules/products/bamboo
- base-infrastructure in modules/common
- base-infrastructure.eks in modules/AWS/eks
Downloading registry.terraform.io/terraform-aws-modules/iam/aws 5.41.0 for base-infrastructure.eks.autoscaler_iam_role...
- base-infrastructure.eks.autoscaler_iam_role in .terraform/modules/base-infrastructure.eks.autoscaler_iam_role/modules/iam-assumable-role-with-oidc
Downloading registry.terraform.io/terraform-aws-modules/eks/aws 20.36.0 for base-infrastructure.eks.eks...
- base-infrastructure.eks.eks in .terraform/modules/base-infrastructure.eks.eks
- base-infrastructure.eks.eks.eks_managed_node_group in .terraform/modules/base-infrastructure.eks.eks/modules/eks-managed-node-group
- base-infrastructure.eks.eks.eks_managed_node_group.user_data in .terraform/modules/base-infrastructure.eks.eks/modules/_user_data
- base-infrastructure.eks.eks.fargate_profile in .terraform/modules/base-infrastructure.eks.eks/modules/fargate-profile
Downloading registry.terraform.io/terraform-aws-modules/kms/aws 2.1.0 for base-infrastructure.eks.eks.kms...
- base-infrastructure.eks.eks.kms in .terraform/modules/base-infrastructure.eks.eks.kms
- base-infrastructure.eks.eks.self_managed_node_group in .terraform/modules/base-infrastructure.eks.eks/modules/self-managed-node-group
- base-infrastructure.eks.eks.self_managed_node_group.user_data in .terraform/modules/base-infrastructure.eks.eks/modules/_user_data
- base-infrastructure.eks.nodegroup_launch_template in modules/AWS/eks/nodegroup_launch_template
- base-infrastructure.external_dns in modules/AWS/external-dns
Downloading registry.terraform.io/terraform-aws-modules/iam/aws 4.13.2 for base-infrastructure.external_dns.external_dns_iam_role...
- base-infrastructure.external_dns.external_dns_iam_role in .terraform/modules/base-infrastructure.external_dns.external_dns_iam_role/modules/iam-assumable-role-with-oidc
- base-infrastructure.ingress in modules/AWS/ingress
Downloading registry.terraform.io/terraform-aws-modules/acm/aws 2.14.0 for base-infrastructure.ingress.ingress_certificate...
- base-infrastructure.ingress.ingress_certificate in .terraform/modules/base-infrastructure.ingress.ingress_certificate
- base-infrastructure.vpc in modules/AWS/vpc
Downloading registry.terraform.io/terraform-aws-modules/vpc/aws 5.9.0 for base-infrastructure.vpc.vpc...
- base-infrastructure.vpc.vpc in .terraform/modules/base-infrastructure.vpc.vpc
- bitbucket in modules/products/bitbucket
- confluence in modules/products/confluence
- crowd in modules/products/crowd
- database in modules/AWS/rds
Downloading registry.terraform.io/terraform-aws-modules/rds/aws 5.9.0 for database.db...
- database.db in .terraform/modules/database.db
- database.db.db_instance in .terraform/modules/database.db/modules/db_instance
- database.db.db_option_group in .terraform/modules/database.db/modules/db_option_group
- database.db.db_parameter_group in .terraform/modules/database.db/modules/db_parameter_group
- database.db.db_subnet_group in .terraform/modules/database.db/modules/db_subnet_group
Downloading registry.terraform.io/terraform-aws-modules/security-group/aws 5.3.0 for database.security_group...
- database.security_group in .terraform/modules/database.security_group
- discovery in modules/discovery
- jira in modules/products/jira
- nfs in modules/AWS/nfs
Initializing provider plugins...
- Finding hashicorp/random versions matching ">= 3.1.0, 3.6.1"...
- Finding hashicorp/aws versions matching ">= 2.23.0, >= 2.53.0, >= 3.29.0, >= 4.0.0, >= 4.33.0, >= 4.65.0, ~> 5.0, >= 5.30.0, >= 5.95.0"...
- Finding hashicorp/tls versions matching ">= 3.0.0"...
- Finding hashicorp/time versions matching ">= 0.9.0"...
- Finding hashicorp/null versions matching ">= 3.0.0"...
- Finding hashicorp/cloudinit versions matching ">= 2.0.0"...
- Finding hashicorp/kubernetes versions matching "~> 2.7, ~> 2.31"...
- Finding hashicorp/helm versions matching "~> 2.14"...
- Installing hashicorp/cloudinit v2.3.7...
- Installed hashicorp/cloudinit v2.3.7 (signed by HashiCorp)
- Installing hashicorp/kubernetes v2.37.1...
- Installed hashicorp/kubernetes v2.37.1 (signed by HashiCorp)
- Installing hashicorp/helm v2.17.0...
- Installed hashicorp/helm v2.17.0 (signed by HashiCorp)
- Installing hashicorp/random v3.6.1...
- Installed hashicorp/random v3.6.1 (signed by HashiCorp)
- Installing hashicorp/aws v5.98.0...
