2025-05-22 12:26:04,912 INFO o.a.j.u.JMeterUtils: Setting Locale to en_EN
2025-05-22 12:26:04,927 INFO o.a.j.JMeter: Copyright (c) 1998-2024 The Apache Software Foundation
2025-05-22 12:26:04,927 INFO o.a.j.JMeter: Version 5.6.3
2025-05-22 12:26:04,927 INFO o.a.j.JMeter: java.version=21.0.7
2025-05-22 12:26:04,927 INFO o.a.j.JMeter: java.vm.name=Java HotSpot(TM) 64-Bit Server VM
2025-05-22 12:26:04,927 INFO o.a.j.JMeter: os.name=Windows 11
2025-05-22 12:26:04,927 INFO o.a.j.JMeter: os.arch=amd64
2025-05-22 12:26:04,927 INFO o.a.j.JMeter: os.version=10.0
2025-05-22 12:26:04,927 INFO o.a.j.JMeter: file.encoding=UTF-8
2025-05-22 12:26:04,927 INFO o.a.j.JMeter: java.awt.headless=null
2025-05-22 12:26:04,927 INFO o.a.j.JMeter: Max memory     =1073741824
2025-05-22 12:26:04,927 INFO o.a.j.JMeter: Available Processors =20
2025-05-22 12:26:04,939 INFO o.a.j.JMeter: Default Locale=English (EN)
2025-05-22 12:26:04,939 INFO o.a.j.JMeter: JMeter  Locale=English (EN)
2025-05-22 12:26:04,939 INFO o.a.j.JMeter: JMeterHome=C:\Users\akshat.mittal\.bzt\jmeter-taurus\5.6.3
2025-05-22 12:26:04,939 INFO o.a.j.JMeter: user.dir  =C:\Users\akshat.mittal\Documents\GitHub\dc-app-performance-toolkit\app
2025-05-22 12:26:04,939 INFO o.a.j.JMeter: PWD       =C:\Users\akshat.mittal\Documents\GitHub\dc-app-performance-toolkit\app
2025-05-22 12:26:04,995 INFO o.a.j.JMeter: IP: 10.187.62.53 Name: Laptop-AK FullName: 10.187.62.53
2025-05-22 12:26:05,005 INFO o.a.j.JMeter: Loaded icon properties from org/apache/jmeter/images/icon.properties
2025-05-22 12:26:05,120 INFO o.a.j.JMeterGuiLauncher: Setting LAF to: com.github.weisj.darklaf.DarkLaf:com.github.weisj.darklaf.theme.DarculaTheme
2025-05-22 12:26:05,811 INFO o.a.j.r.ClassFinder: Will scan jar C:\Users\akshat.mittal\.bzt\jmeter-taurus\5.6.3\lib\ext\jmeter-plugins-random-csv-data-set-0.8.jar with filter ExtendsClassFilter [parents=[interface org.apache.jmeter.gui.action.Command], inner=false, contains=null, notContains=null]. Consider exposing JMeter plugins via META-INF/services, and add JMeter-Skip-Class-Scanning=true manifest attribute so JMeter can skip classfile scanning
2025-05-22 12:26:05,815 INFO o.a.j.r.ClassFinder: Will scan jar C:\Users\akshat.mittal\.bzt\jmeter-taurus\5.6.3\lib\ext\jmeter-plugins-perfmon-2.1.jar with filter ExtendsClassFilter [parents=[interface org.apache.jmeter.gui.action.Command], inner=false, contains=null, notContains=null]. Consider exposing JMeter plugins via META-INF/services, and add JMeter-Skip-Class-Scanning=true manifest attribute so JMeter can skip classfile scanning
2025-05-22 12:26:05,820 INFO o.a.j.r.ClassFinder: Will scan jar C:\Users\akshat.mittal\.bzt\jmeter-taurus\5.6.3\lib\ext\jmeter-plugins-dummy-0.4.jar with filter ExtendsClassFilter [parents=[interface org.apache.jmeter.gui.action.Command], inner=false, contains=null, notContains=null]. Consider exposing JMeter plugins via META-INF/services, and add JMeter-Skip-Class-Scanning=true manifest attribute so JMeter can skip classfile scanning
2025-05-22 12:26:05,823 INFO o.a.j.r.ClassFinder: Will scan jar C:\Users\akshat.mittal\.bzt\jmeter-taurus\5.6.3\lib\ext\jmeter-plugins-prmctl-0.4.jar with filter ExtendsClassFilter [parents=[interface org.apache.jmeter.gui.action.Command], inner=false, contains=null, notContains=null]. Consider exposing JMeter plugins via META-INF/services, and add JMeter-Skip-Class-Scanning=true manifest attribute so JMeter can skip classfile scanning
2025-05-22 12:26:05,824 INFO o.a.j.r.ClassFinder: Will scan jar C:\Users\akshat.mittal\.bzt\jmeter-taurus\5.6.3\lib\ext\jmeter-plugins-ffw-2.0.jar with filter ExtendsClassFilter [parents=[interface org.apache.jmeter.gui.action.Command], inner=false, contains=null, notContains=null]. Consider exposing JMeter plugins via META-INF/services, and add JMeter-Skip-Class-Scanning=true manifest attribute so JMeter can skip classfile scanning
2025-05-22 12:26:05,825 INFO o.a.j.r.ClassFinder: Will scan jar C:\Users\akshat.mittal\.bzt\jmeter-taurus\5.6.3\lib\ext\jmeter-plugins-tst-2.6.jar with filter ExtendsClassFilter [parents=[interface org.apache.jmeter.gui.action.Command], inner=false, contains=null, notContains=null]. Consider exposing JMeter plugins via META-INF/services, and add JMeter-Skip-Class-Scanning=true manifest attribute so JMeter can skip classfile scanning
2025-05-22 12:26:05,827 INFO o.a.j.r.ClassFinder: Will scan jar C:\Users\akshat.mittal\.bzt\jmeter-taurus\5.6.3\lib\ext\jmeter-plugins-casutg-2.10.jar with filter ExtendsClassFilter [parents=[interface org.apache.jmeter.gui.action.Command], inner=false, contains=null, notContains=null]. Consider exposing JMeter plugins via META-INF/services, and add JMeter-Skip-Class-Scanning=true manifest attribute so JMeter can skip classfile scanning
2025-05-22 12:26:05,833 INFO o.a.j.r.ClassFinder: Will scan jar C:\Users\akshat.mittal\.bzt\jmeter-taurus\5.6.3\lib\ext\jmeter-plugins-functions-2.2.jar with filter ExtendsClassFilter [parents=[interface org.apache.jmeter.gui.action.Command], inner=false, contains=null, notContains=null]. Consider exposing JMeter plugins via META-INF/services, and add JMeter-Skip-Class-Scanning=true manifest attribute so JMeter can skip classfile scanning
2025-05-22 12:26:05,838 INFO o.a.j.r.ClassFinder: Will scan jar C:\Users\akshat.mittal\.bzt\jmeter-taurus\5.6.3\lib\ext\jmeter-plugins-json-2.7.jar with filter ExtendsClassFilter [parents=[interface org.apache.jmeter.gui.action.Command], inner=false, contains=null, notContains=null]. Consider exposing JMeter plugins via META-INF/services, and add JMeter-Skip-Class-Scanning=true manifest attribute so JMeter can skip classfile scanning
2025-05-22 12:26:05,840 INFO o.a.j.r.ClassFinder: Will scan jar C:\Users\akshat.mittal\.bzt\jmeter-taurus\5.6.3\lib\ext\jmeter-plugins-manager-1.7.jar with filter ExtendsClassFilter [parents=[interface org.apache.jmeter.gui.action.Command], inner=false, contains=null, notContains=null]. Consider exposing JMeter plugins via META-INF/services, and add JMeter-Skip-Class-Scanning=true manifest attribute so JMeter can skip classfile scanning
2025-05-22 12:26:05,912 INFO o.a.j.r.ClassFinder: Will scan jar C:\Users\akshat.mittal\.bzt\jmeter-taurus\5.6.3\lib\ext\jmeter-plugins-fifo-0.2.jar with filter ExtendsClassFilter [parents=[interface org.apache.jmeter.gui.action.Command], inner=false, contains=null, notContains=null]. Consider exposing JMeter plugins via META-INF/services, and add JMeter-Skip-Class-Scanning=true manifest attribute so JMeter can skip classfile scanning
2025-05-22 12:26:05,957 INFO o.a.j.r.ClassFinder: Will scan jar C:\Users\akshat.mittal\.bzt\jmeter-taurus\5.6.3\lib\ext\jmeter-plugins-random-csv-data-set-0.8.jar with filter ExtendsClassFilter [parents=[interface org.apache.jmeter.gui.plugin.MenuCreator], inner=false, contains=null, notContains=null]. Consider exposing JMeter plugins via META-INF/services, and add JMeter-Skip-Class-Scanning=true manifest attribute so JMeter can skip classfile scanning
2025-05-22 12:26:05,957 INFO o.a.j.r.ClassFinder: Will scan jar C:\Users\akshat.mittal\.bzt\jmeter-taurus\5.6.3\lib\ext\jmeter-plugins-perfmon-2.1.jar with filter ExtendsClassFilter [parents=[interface org.apache.jmeter.gui.plugin.MenuCreator], inner=false, contains=null, notContains=null]. Consider exposing JMeter plugins via META-INF/services, and add JMeter-Skip-Class-Scanning=true manifest attribute so JMeter can skip classfile scanning
2025-05-22 12:26:05,957 INFO o.a.j.r.ClassFinder: Will scan jar C:\Users\akshat.mittal\.bzt\jmeter-taurus\5.6.3\lib\ext\jmeter-plugins-dummy-0.4.jar with filter ExtendsClassFilter [parents=[interface org.apache.jmeter.gui.plugin.MenuCreator], inner=false, contains=null, notContains=null]. Consider exposing JMeter plugins via META-INF/services, and add JMeter-Skip-Class-Scanning=true manifest attribute so JMeter can skip classfile scanning
2025-05-22 12:26:05,957 INFO o.a.j.r.ClassFinder: Will scan jar C:\Users\akshat.mittal\.bzt\jmeter-taurus\5.6.3\lib\ext\jmeter-plugins-prmctl-0.4.jar with filter ExtendsClassFilter [parents=[interface org.apache.jmeter.gui.plugin.MenuCreator], inner=false, contains=null, notContains=null]. Consider exposing JMeter plugins via META-INF/services, and add JMeter-Skip-Class-Scanning=true manifest attribute so JMeter can skip classfile scanning
2025-05-22 12:26:05,957 INFO o.a.j.r.ClassFinder: Will scan jar C:\Users\akshat.mittal\.bzt\jmeter-taurus\5.6.3\lib\ext\jmeter-plugins-ffw-2.0.jar with filter ExtendsClassFilter [parents=[interface org.apache.jmeter.gui.plugin.MenuCreator], inner=false, contains=null, notContains=null]. Consider exposing JMeter plugins via META-INF/services, and add JMeter-Skip-Class-Scanning=true manifest attribute so JMeter can skip classfile scanning
2025-05-22 12:26:05,957 INFO o.a.j.r.ClassFinder: Will scan jar C:\Users\akshat.mittal\.bzt\jmeter-taurus\5.6.3\lib\ext\jmeter-plugins-tst-2.6.jar with filter ExtendsClassFilter [parents=[interface org.apache.jmeter.gui.plugin.MenuCreator], inner=false, contains=null, notContains=null]. Consider exposing JMeter plugins via META-INF/services, and add JMeter-Skip-Class-Scanning=true manifest attribute so JMeter can skip classfile scanning
2025-05-22 12:26:05,957 INFO o.a.j.r.ClassFinder: Will scan jar C:\Users\akshat.mittal\.bzt\jmeter-taurus\5.6.3\lib\ext\jmeter-plugins-casutg-2.10.jar with filter ExtendsClassFilter [parents=[interface org.apache.jmeter.gui.plugin.MenuCreator], inner=false, contains=null, notContains=null]. Consider exposing JMeter plugins via META-INF/services, and add JMeter-Skip-Class-Scanning=true manifest attribute so JMeter can skip classfile scanning
2025-05-22 12:26:05,957 INFO o.a.j.r.ClassFinder: Will scan jar C:\Users\akshat.mittal\.bzt\jmeter-taurus\5.6.3\lib\ext\jmeter-plugins-functions-2.2.jar with filter ExtendsClassFilter [parents=[interface org.apache.jmeter.gui.plugin.MenuCreator], inner=false, contains=null, notContains=null]. Consider exposing JMeter plugins via META-INF/services, and add JMeter-Skip-Class-Scanning=true manifest attribute so JMeter can skip classfile scanning
2025-05-22 12:26:05,964 INFO o.a.j.r.ClassFinder: Will scan jar C:\Users\akshat.mittal\.bzt\jmeter-taurus\5.6.3\lib\ext\jmeter-plugins-json-2.7.jar with filter ExtendsClassFilter [parents=[interface org.apache.jmeter.gui.plugin.MenuCreator], inner=false, contains=null, notContains=null]. Consider exposing JMeter plugins via META-INF/services, and add JMeter-Skip-Class-Scanning=true manifest attribute so JMeter can skip classfile scanning
2025-05-22 12:26:05,965 INFO o.a.j.r.ClassFinder: Will scan jar C:\Users\akshat.mittal\.bzt\jmeter-taurus\5.6.3\lib\ext\jmeter-plugins-manager-1.7.jar with filter ExtendsClassFilter [parents=[interface org.apache.jmeter.gui.plugin.MenuCreator], inner=false, contains=null, notContains=null]. Consider exposing JMeter plugins via META-INF/services, and add JMeter-Skip-Class-Scanning=true manifest attribute so JMeter can skip classfile scanning
2025-05-22 12:26:05,966 INFO o.a.j.r.ClassFinder: Will scan jar C:\Users\akshat.mittal\.bzt\jmeter-taurus\5.6.3\lib\ext\jmeter-plugins-fifo-0.2.jar with filter ExtendsClassFilter [parents=[interface org.apache.jmeter.gui.plugin.MenuCreator], inner=false, contains=null, notContains=null]. Consider exposing JMeter plugins via META-INF/services, and add JMeter-Skip-Class-Scanning=true manifest attribute so JMeter can skip classfile scanning
2025-05-22 12:26:06,049 INFO o.j.r.JARSourceHTTP: Found cached repo
2025-05-22 12:26:06,219 INFO o.j.r.PluginManager: Plugins Status: [jpgc-functions=2.2, jpgc-casutg=2.10, jpgc-dummy=0.4, jpgc-ffw=2.0, jpgc-fifo=0.2, jpgc-json=2.7, jpgc-prmctl=0.4, jpgc-perfmon=2.1, jpgc-plugins-manager=1.7, bzm-random-csv=0.8, jpgc-tst=2.6, jmeter-core=5.6.3, jmeter-ftp=5.6.3, jmeter-http=5.6.3, jmeter-jdbc=5.6.3, jmeter-jms=5.6.3, jmeter-junit=5.6.3, jmeter-java=5.6.3, jmeter-ldap=5.6.3, jmeter-mail=5.6.3, jmeter-mongodb=5.6.3, jmeter-native=5.6.3, jmeter-tcp=5.6.3, jmeter-components=5.6.3]
2025-05-22 12:26:06,220 INFO o.j.r.PluginManagerMenuItem: Plugins Manager has upgrades: [jpgc-casutg, jpgc-plugins-manager]
2025-05-22 12:26:07,357 INFO o.a.j.JMeterGuiLauncher: Loading file: C:\Users\akshat.mittal\Documents\GitHub\dc-app-performance-toolkit\app\jmeter\jira.jmx
2025-05-22 12:26:07,363 INFO o.a.j.s.FileServer: Default base='C:\Users\akshat.mittal\Documents\GitHub\dc-app-performance-toolkit\app'
2025-05-22 12:26:07,363 INFO o.a.j.s.FileServer: Set new base='C:\Users\akshat.mittal\Documents\GitHub\dc-app-performance-toolkit\app\jmeter'
2025-05-22 12:26:07,625 INFO o.a.j.s.SaveService: Testplan (JMX) version: 2.2. Testlog (JTL) version: 2.2
2025-05-22 12:26:07,629 INFO o.a.j.s.SaveService: Using SaveService properties version 5.0
2025-05-22 12:26:07,629 INFO o.a.j.s.SaveService: Using SaveService properties file encoding UTF-8
2025-05-22 12:26:07,629 INFO o.a.j.s.SaveService: Loading file: C:\Users\akshat.mittal\Documents\GitHub\dc-app-performance-toolkit\app\jmeter\jira.jmx
2025-05-22 12:26:07,857 INFO o.a.j.p.h.c.CookieManager: Settings: Delete null: true Check: true Allow variable: true Save: false Prefix: COOKIE_
2025-05-22 12:26:08,284 INFO o.j.r.JARSourceHTTP: Cache file is not valid anymore, will drop it: C:\Users\AKSHAT~1.MIT\AppData\Local\Temp\pmgr_cache\38082c714515f27049b4d726f8889d7b
2025-05-22 12:26:08,287 INFO o.a.j.s.FileServer: Set new base='C:\Users\akshat.mittal\Documents\GitHub\dc-app-performance-toolkit\app\jmeter'
2025-05-22 12:26:10,062 INFO o.a.j.s.SampleResult: Note: Sample TimeStamps are END times
2025-05-22 12:26:10,062 INFO o.a.j.s.SampleResult: sampleresult.default.encoding is set to UTF-8
2025-05-22 12:26:10,062 INFO o.a.j.s.SampleResult: sampleresult.useNanoTime=true
2025-05-22 12:26:10,062 INFO o.a.j.s.SampleResult: sampleresult.nanoThreadSleep=5000
2025-05-22 12:26:10,211 INFO o.a.j.r.ClassFinder: Will scan jar C:\Users\akshat.mittal\.bzt\jmeter-taurus\5.6.3\lib\ext\jmeter-plugins-random-csv-data-set-0.8.jar with filter ExtendsClassFilter [parents=[interface org.apache.jmeter.visualizers.ResultRenderer], inner=false, contains=null, notContains=null]. Consider exposing JMeter plugins via META-INF/services, and add JMeter-Skip-Class-Scanning=true manifest attribute so JMeter can skip classfile scanning
2025-05-22 12:26:10,211 INFO o.a.j.r.ClassFinder: Will scan jar C:\Users\akshat.mittal\.bzt\jmeter-taurus\5.6.3\lib\ext\jmeter-plugins-perfmon-2.1.jar with filter ExtendsClassFilter [parents=[interface org.apache.jmeter.visualizers.ResultRenderer], inner=false, contains=null, notContains=null]. Consider exposing JMeter plugins via META-INF/services, and add JMeter-Skip-Class-Scanning=true manifest attribute so JMeter can skip classfile scanning
2025-05-22 12:26:10,211 INFO o.a.j.r.ClassFinder: Will scan jar C:\Users\akshat.mittal\.bzt\jmeter-taurus\5.6.3\lib\ext\jmeter-plugins-dummy-0.4.jar with filter ExtendsClassFilter [parents=[interface org.apache.jmeter.visualizers.ResultRenderer], inner=false, contains=null, notContains=null]. Consider exposing JMeter plugins via META-INF/services, and add JMeter-Skip-Class-Scanning=true manifest attribute so JMeter can skip classfile scanning
2025-05-22 12:26:10,211 INFO o.a.j.r.ClassFinder: Will scan jar C:\Users\akshat.mittal\.bzt\jmeter-taurus\5.6.3\lib\ext\jmeter-plugins-prmctl-0.4.jar with filter ExtendsClassFilter [parents=[interface org.apache.jmeter.visualizers.ResultRenderer], inner=false, contains=null, notContains=null]. Consider exposing JMeter plugins via META-INF/services, and add JMeter-Skip-Class-Scanning=true manifest attribute so JMeter can skip classfile scanning
2025-05-22 12:26:10,211 INFO o.a.j.r.ClassFinder: Will scan jar C:\Users\akshat.mittal\.bzt\jmeter-taurus\5.6.3\lib\ext\jmeter-plugins-ffw-2.0.jar with filter ExtendsClassFilter [parents=[interface org.apache.jmeter.visualizers.ResultRenderer], inner=false, contains=null, notContains=null]. Consider exposing JMeter plugins via META-INF/services, and add JMeter-Skip-Class-Scanning=true manifest attribute so JMeter can skip classfile scanning
2025-05-22 12:26:10,211 INFO o.a.j.r.ClassFinder: Will scan jar C:\Users\akshat.mittal\.bzt\jmeter-taurus\5.6.3\lib\ext\jmeter-plugins-tst-2.6.jar with filter ExtendsClassFilter [parents=[interface org.apache.jmeter.visualizers.ResultRenderer], inner=false, contains=null, notContains=null]. Consider exposing JMeter plugins via META-INF/services, and add JMeter-Skip-Class-Scanning=true manifest attribute so JMeter can skip classfile scanning
2025-05-22 12:26:10,211 INFO o.a.j.r.ClassFinder: Will scan jar C:\Users\akshat.mittal\.bzt\jmeter-taurus\5.6.3\lib\ext\jmeter-plugins-casutg-2.10.jar with filter ExtendsClassFilter [parents=[interface org.apache.jmeter.visualizers.ResultRenderer], inner=false, contains=null, notContains=null]. Consider exposing JMeter plugins via META-INF/services, and add JMeter-Skip-Class-Scanning=true manifest attribute so JMeter can skip classfile scanning
2025-05-22 12:26:10,211 INFO o.a.j.r.ClassFinder: Will scan jar C:\Users\akshat.mittal\.bzt\jmeter-taurus\5.6.3\lib\ext\jmeter-plugins-functions-2.2.jar with filter ExtendsClassFilter [parents=[interface org.apache.jmeter.visualizers.ResultRenderer], inner=false, contains=null, notContains=null]. Consider exposing JMeter plugins via META-INF/services, and add JMeter-Skip-Class-Scanning=true manifest attribute so JMeter can skip classfile scanning
2025-05-22 12:26:10,211 INFO o.a.j.r.ClassFinder: Will scan jar C:\Users\akshat.mittal\.bzt\jmeter-taurus\5.6.3\lib\ext\jmeter-plugins-json-2.7.jar with filter ExtendsClassFilter [parents=[interface org.apache.jmeter.visualizers.ResultRenderer], inner=false, contains=null, notContains=null]. Consider exposing JMeter plugins via META-INF/services, and add JMeter-Skip-Class-Scanning=true manifest attribute so JMeter can skip classfile scanning
2025-05-22 12:26:10,221 INFO o.a.j.r.ClassFinder: Will scan jar C:\Users\akshat.mittal\.bzt\jmeter-taurus\5.6.3\lib\ext\jmeter-plugins-manager-1.7.jar with filter ExtendsClassFilter [parents=[interface org.apache.jmeter.visualizers.ResultRenderer], inner=false, contains=null, notContains=null]. Consider exposing JMeter plugins via META-INF/services, and add JMeter-Skip-Class-Scanning=true manifest attribute so JMeter can skip classfile scanning
2025-05-22 12:26:10,221 INFO o.a.j.r.ClassFinder: Will scan jar C:\Users\akshat.mittal\.bzt\jmeter-taurus\5.6.3\lib\ext\jmeter-plugins-fifo-0.2.jar with filter ExtendsClassFilter [parents=[interface org.apache.jmeter.visualizers.ResultRenderer], inner=false, contains=null, notContains=null]. Consider exposing JMeter plugins via META-INF/services, and add JMeter-Skip-Class-Scanning=true manifest attribute so JMeter can skip classfile scanning
2025-05-22 12:26:10,221 INFO o.a.j.r.ClassFinder: Will scan jar C:\Users\akshat.mittal\.bzt\jmeter-taurus\5.6.3\lib\ext\jmeter-plugins-random-csv-data-set-0.8.jar with filter ExtendsClassFilter [parents=[interface org.apache.jmeter.visualizers.RequestView], inner=false, contains=null, notContains=null]. Consider exposing JMeter plugins via META-INF/services, and add JMeter-Skip-Class-Scanning=true manifest attribute so JMeter can skip classfile scanning
2025-05-22 12:26:10,221 INFO o.a.j.r.ClassFinder: Will scan jar C:\Users\akshat.mittal\.bzt\jmeter-taurus\5.6.3\lib\ext\jmeter-plugins-perfmon-2.1.jar with filter ExtendsClassFilter [parents=[interface org.apache.jmeter.visualizers.RequestView], inner=false, contains=null, notContains=null]. Consider exposing JMeter plugins via META-INF/services, and add JMeter-Skip-Class-Scanning=true manifest attribute so JMeter can skip classfile scanning
2025-05-22 12:26:10,221 INFO o.a.j.r.ClassFinder: Will scan jar C:\Users\akshat.mittal\.bzt\jmeter-taurus\5.6.3\lib\ext\jmeter-plugins-dummy-0.4.jar with filter ExtendsClassFilter [parents=[interface org.apache.jmeter.visualizers.RequestView], inner=false, contains=null, notContains=null]. Consider exposing JMeter plugins via META-INF/services, and add JMeter-Skip-Class-Scanning=true manifest attribute so JMeter can skip classfile scanning
2025-05-22 12:26:10,221 INFO o.a.j.r.ClassFinder: Will scan jar C:\Users\akshat.mittal\.bzt\jmeter-taurus\5.6.3\lib\ext\jmeter-plugins-prmctl-0.4.jar with filter ExtendsClassFilter [parents=[interface org.apache.jmeter.visualizers.RequestView], inner=false, contains=null, notContains=null]. Consider exposing JMeter plugins via META-INF/services, and add JMeter-Skip-Class-Scanning=true manifest attribute so JMeter can skip classfile scanning
2025-05-22 12:26:10,221 INFO o.a.j.r.ClassFinder: Will scan jar C:\Users\akshat.mittal\.bzt\jmeter-taurus\5.6.3\lib\ext\jmeter-plugins-ffw-2.0.jar with filter ExtendsClassFilter [parents=[interface org.apache.jmeter.visualizers.RequestView], inner=false, contains=null, notContains=null]. Consider exposing JMeter plugins via META-INF/services, and add JMeter-Skip-Class-Scanning=true manifest attribute so JMeter can skip classfile scanning
2025-05-22 12:26:10,237 INFO o.a.j.r.ClassFinder: Will scan jar C:\Users\akshat.mittal\.bzt\jmeter-taurus\5.6.3\lib\ext\jmeter-plugins-tst-2.6.jar with filter ExtendsClassFilter [parents=[interface org.apache.jmeter.visualizers.RequestView], inner=false, contains=null, notContains=null]. Consider exposing JMeter plugins via META-INF/services, and add JMeter-Skip-Class-Scanning=true manifest attribute so JMeter can skip classfile scanning
2025-05-22 12:26:10,237 INFO o.a.j.r.ClassFinder: Will scan jar C:\Users\akshat.mittal\.bzt\jmeter-taurus\5.6.3\lib\ext\jmeter-plugins-casutg-2.10.jar with filter ExtendsClassFilter [parents=[interface org.apache.jmeter.visualizers.RequestView], inner=false, contains=null, notContains=null]. Consider exposing JMeter plugins via META-INF/services, and add JMeter-Skip-Class-Scanning=true manifest attribute so JMeter can skip classfile scanning
2025-05-22 12:26:10,237 INFO o.a.j.r.ClassFinder: Will scan jar C:\Users\akshat.mittal\.bzt\jmeter-taurus\5.6.3\lib\ext\jmeter-plugins-functions-2.2.jar with filter ExtendsClassFilter [parents=[interface org.apache.jmeter.visualizers.RequestView], inner=false, contains=null, notContains=null]. Consider exposing JMeter plugins via META-INF/services, and add JMeter-Skip-Class-Scanning=true manifest attribute so JMeter can skip classfile scanning
2025-05-22 12:26:10,237 INFO o.a.j.r.ClassFinder: Will scan jar C:\Users\akshat.mittal\.bzt\jmeter-taurus\5.6.3\lib\ext\jmeter-plugins-json-2.7.jar with filter ExtendsClassFilter [parents=[interface org.apache.jmeter.visualizers.RequestView], inner=false, contains=null, notContains=null]. Consider exposing JMeter plugins via META-INF/services, and add JMeter-Skip-Class-Scanning=true manifest attribute so JMeter can skip classfile scanning
2025-05-22 12:26:10,237 INFO o.a.j.r.ClassFinder: Will scan jar C:\Users\akshat.mittal\.bzt\jmeter-taurus\5.6.3\lib\ext\jmeter-plugins-manager-1.7.jar with filter ExtendsClassFilter [parents=[interface org.apache.jmeter.visualizers.RequestView], inner=false, contains=null, notContains=null]. Consider exposing JMeter plugins via META-INF/services, and add JMeter-Skip-Class-Scanning=true manifest attribute so JMeter can skip classfile scanning
2025-05-22 12:26:10,237 INFO o.a.j.r.ClassFinder: Will scan jar C:\Users\akshat.mittal\.bzt\jmeter-taurus\5.6.3\lib\ext\jmeter-plugins-fifo-0.2.jar with filter ExtendsClassFilter [parents=[interface org.apache.jmeter.visualizers.RequestView], inner=false, contains=null, notContains=null]. Consider exposing JMeter plugins via META-INF/services, and add JMeter-Skip-Class-Scanning=true manifest attribute so JMeter can skip classfile scanning
